[Licensing::Module] Trying to connect to existing licensing client channel...
[Licensing::IpcConnector] Channel LicenseClient-Administrator doesn't exist
[Licensing::Module] Successfully launched the LicensingClient (PId: 13140)
[Licensing::IpcConnector] Successfully connected to: "LicenseClient-Administrator" at "2026-07-02T04:26:56.8095014Z"
[Licensing::Client] Code 10 while verifying Licensing Client signature (process Id: 13140, path: "D:/UnityFile/2022.3.62f3c1/Editor/Data/Resources/Licensing/Client/Unity.Licensing.Client.exe")
[Licensing::Module] LicensingClient has failed validation; ignoring
[Licensing::Client] Handshaking with LicensingClient:
  Version:                 1.16.2+bdef8f5
  Session Id:              0399927bd59449e2a3d7be6b85b2811e
  Correlation Id:          87cdb9c1b641ddf1fd99a9b3905751f3
  External correlation Id: 3289732233056869386
  Machine Id:              g+6V6afw2YIrGlsl7FZ430wPoSI=
[Licensing::Module] Successfully connected to LicensingClient on channel: "LicenseClient-Administrator" (connect: 0.56s, validation: 0.04s, handshake: 0.02s)
[Licensing::IpcConnector] Successfully connected to: "LicenseClient-Administrator-notifications" at "2026-07-02T04:26:56.8679267Z"
[Licensing::Module] Connected to LicensingClient (PId: 13140, launch time: 0.00, total connection time: 0.62s)
[Licensing::Module] Error: Access token is unavailable; failed to update
[Licensing::Client] Successfully updated license
Built from '2022.3/china_unity/release' branch; Version is '2022.3.62f3c1 (1623fc0bbb97) revision 1451004'; Using compiler version '192829333'; Build Type 'Release'
OS: 'Windows 11  (10.0.26200) 64bit Professional' Language: 'zh' Physical Memory: 31898 MB
[Licensing::Client] Successfully resolved entitlement details
[Licensing::Module] Serial number assigned to: "F4-54ZC-YTHZ-PJX4-4S32-XXXX"
BatchMode: 1, IsHumanControllingUs: 0, StartBugReporterOnCrash: 0, Is64bit: 1, IsPro: 0
[Licensing::Client] Successfully resolved entitlement details

COMMAND LINE ARGUMENTS:
D:\UnityFile\2022.3.62f3c1\Editor\Unity.exe
-batchmode
-quit
-nographics
-projectPath
D:\Project\Apocalypic-journey-mods-creator\ModExp\AuraCardFrameFxLab
-executeMethod
AuraCardFrameFxLabEditor.AuraCardFrameFxLabSceneBuilder.SmokeTest
-logFile
D:\Project\Apocalypic-journey-mods-creator\ModExp\tmp\AuraCardFrameFxLab-smoke-1.log
Successfully changed project path to: D:\Project\Apocalypic-journey-mods-creator\ModExp\AuraCardFrameFxLab
D:/Project/Apocalypic-journey-mods-creator/ModExp/AuraCardFrameFxLab
[UnityMemory] Configuration Parameters - Can be set up in boot.config
    "memorysetup-bucket-allocator-granularity=16"
    "memorysetup-bucket-allocator-bucket-count=8"
    "memorysetup-bucket-allocator-block-size=33554432"
    "memorysetup-bucket-allocator-block-count=8"
    "memorysetup-main-allocator-block-size=16777216"
    "memorysetup-thread-allocator-block-size=16777216"
    "memorysetup-gfx-main-allocator-block-size=16777216"
    "memorysetup-gfx-thread-allocator-block-size=16777216"
    "memorysetup-cache-allocator-block-size=4194304"
    "memorysetup-typetree-allocator-block-size=2097152"
    "memorysetup-profiler-bucket-allocator-granularity=16"
    "memorysetup-profiler-bucket-allocator-bucket-count=8"
    "memorysetup-profiler-bucket-allocator-block-size=33554432"
    "memorysetup-profiler-bucket-allocator-block-count=8"
    "memorysetup-profiler-allocator-block-size=16777216"
    "memorysetup-profiler-editor-allocator-block-size=1048576"
    "memorysetup-temp-allocator-size-main=16777216"
    "memorysetup-job-temp-allocator-block-size=2097152"
    "memorysetup-job-temp-allocator-block-size-background=1048576"
    "memorysetup-job-temp-allocator-reduction-small-platforms=262144"
    "memorysetup-allocator-temp-initial-block-size-main=262144"
    "memorysetup-allocator-temp-initial-block-size-worker=262144"
    "memorysetup-temp-allocator-size-background-worker=32768"
    "memorysetup-temp-allocator-size-job-worker=262144"
    "memorysetup-temp-allocator-size-preload-manager=33554432"
    "memorysetup-temp-allocator-size-nav-mesh-worker=65536"
    "memorysetup-temp-allocator-size-audio-worker=65536"
    "memorysetup-temp-allocator-size-cloud-worker=32768"
    "memorysetup-temp-allocator-size-gi-baking-worker=262144"
    "memorysetup-temp-allocator-size-gfx=262144"
Player connection [19524]  Target information:

Player connection [19524]  * "[IP] 192.168.3.35 [Port] 55504 [Flags] 2 [Guid] 576038466 [EditorId] 576038466 [Version] 1048832 [Id] WindowsEditor(7,DESKTOP-EAPFP7V) [Debug] 1 [PackageName] WindowsEditor [ProjectName] Editor" 

Player connection [19524]  * "[IP] 172.28.32.1 [Port] 55504 [Flags] 2 [Guid] 576038466 [EditorId] 576038466 [Version] 1048832 [Id] WindowsEditor(7,DESKTOP-EAPFP7V) [Debug] 1 [PackageName] WindowsEditor [ProjectName] Editor" 

Player connection [19524]  * "[IP] 198.16.0.2 [Port] 55504 [Flags] 2 [Guid] 576038466 [EditorId] 576038466 [Version] 1048832 [Id] WindowsEditor(7,DESKTOP-EAPFP7V) [Debug] 1 [PackageName] WindowsEditor [ProjectName] Editor" 

Player connection [19524] Host joined multi-casting on [225.0.0.222:54997]...
Player connection [19524] Host joined alternative multi-casting on [225.0.0.222:34997]...
Input System module state changed to: Initialized.
[PhysX] Initialized MultithreadedTaskDispatcher with 32 workers.
[Package Manager] UpmClient::Connect -- Connected to IPC stream "Upm-16760" after 0.2 seconds.
[Package Manager] Restoring resolved packages state from cache
[Licensing::Client] Successfully resolved entitlement details
[Package Manager] Registered 33 packages:
  Built-in packages:
    com.unity.ugui@1.0.0 (location: D:\Project\Apocalypic-journey-mods-creator\ModExp\AuraCardFrameFxLab\Library\PackageCache\com.unity.ugui@1.0.0)
    com.unity.modules.ai@1.0.0 (location: D:\Project\Apocalypic-journey-mods-creator\ModExp\AuraCardFrameFxLab\Library\PackageCache\com.unity.modules.ai@1.0.0)
    com.unity.modules.androidjni@1.0.0 (location: D:\Project\Apocalypic-journey-mods-creator\ModExp\AuraCardFrameFxLab\Library\PackageCache\com.unity.modules.androidjni@1.0.0)
    com.unity.modules.animation@1.0.0 (location: D:\Project\Apocalypic-journey-mods-creator\ModExp\AuraCardFrameFxLab\Library\PackageCache\com.unity.modules.animation@1.0.0)
    com.unity.modules.assetbundle@1.0.0 (location: D:\Project\Apocalypic-journey-mods-creator\ModExp\AuraCardFrameFxLab\Library\PackageCache\com.unity.modules.assetbundle@1.0.0)
    com.unity.modules.audio@1.0.0 (location: D:\Project\Apocalypic-journey-mods-creator\ModExp\AuraCardFrameFxLab\Library\PackageCache\com.unity.modules.audio@1.0.0)
    com.unity.modules.cloth@1.0.0 (location: D:\Project\Apocalypic-journey-mods-creator\ModExp\AuraCardFrameFxLab\Library\PackageCache\com.unity.modules.cloth@1.0.0)
    com.unity.modules.director@1.0.0 (location: D:\Project\Apocalypic-journey-mods-creator\ModExp\AuraCardFrameFxLab\Library\PackageCache\com.unity.modules.director@1.0.0)
    com.unity.modules.imageconversion@1.0.0 (location: D:\Project\Apocalypic-journey-mods-creator\ModExp\AuraCardFrameFxLab\Library\PackageCache\com.unity.modules.imageconversion@1.0.0)
    com.unity.modules.imgui@1.0.0 (location: D:\Project\Apocalypic-journey-mods-creator\ModExp\AuraCardFrameFxLab\Library\PackageCache\com.unity.modules.imgui@1.0.0)
    com.unity.modules.jsonserialize@1.0.0 (location: D:\Project\Apocalypic-journey-mods-creator\ModExp\AuraCardFrameFxLab\Library\PackageCache\com.unity.modules.jsonserialize@1.0.0)
    com.unity.modules.particlesystem@1.0.0 (location: D:\Project\Apocalypic-journey-mods-creator\ModExp\AuraCardFrameFxLab\Library\PackageCache\com.unity.modules.particlesystem@1.0.0)
    com.unity.modules.physics@1.0.0 (location: D:\Project\Apocalypic-journey-mods-creator\ModExp\AuraCardFrameFxLab\Library\PackageCache\com.unity.modules.physics@1.0.0)
    com.unity.modules.physics2d@1.0.0 (location: D:\Project\Apocalypic-journey-mods-creator\ModExp\AuraCardFrameFxLab\Library\PackageCache\com.unity.modules.physics2d@1.0.0)
    com.unity.modules.screencapture@1.0.0 (location: D:\Project\Apocalypic-journey-mods-creator\ModExp\AuraCardFrameFxLab\Library\PackageCache\com.unity.modules.screencapture@1.0.0)
    com.unity.modules.terrain@1.0.0 (location: D:\Project\Apocalypic-journey-mods-creator\ModExp\AuraCardFrameFxLab\Library\PackageCache\com.unity.modules.terrain@1.0.0)
    com.unity.modules.terrainphysics@1.0.0 (location: D:\Project\Apocalypic-journey-mods-creator\ModExp\AuraCardFrameFxLab\Library\PackageCache\com.unity.modules.terrainphysics@1.0.0)
    com.unity.modules.tilemap@1.0.0 (location: D:\Project\Apocalypic-journey-mods-creator\ModExp\AuraCardFrameFxLab\Library\PackageCache\com.unity.modules.tilemap@1.0.0)
    com.unity.modules.ui@1.0.0 (location: D:\Project\Apocalypic-journey-mods-creator\ModExp\AuraCardFrameFxLab\Library\PackageCache\com.unity.modules.ui@1.0.0)
    com.unity.modules.uielements@1.0.0 (location: D:\Project\Apocalypic-journey-mods-creator\ModExp\AuraCardFrameFxLab\Library\PackageCache\com.unity.modules.uielements@1.0.0)
    com.unity.modules.umbra@1.0.0 (location: D:\Project\Apocalypic-journey-mods-creator\ModExp\AuraCardFrameFxLab\Library\PackageCache\com.unity.modules.umbra@1.0.0)
    com.unity.modules.unityanalytics@1.0.0 (location: D:\Project\Apocalypic-journey-mods-creator\ModExp\AuraCardFrameFxLab\Library\PackageCache\com.unity.modules.unityanalytics@1.0.0)
    com.unity.modules.unitywebrequest@1.0.0 (location: D:\Project\Apocalypic-journey-mods-creator\ModExp\AuraCardFrameFxLab\Library\PackageCache\com.unity.modules.unitywebrequest@1.0.0)
    com.unity.modules.unitywebrequestassetbundle@1.0.0 (location: D:\Project\Apocalypic-journey-mods-creator\ModExp\AuraCardFrameFxLab\Library\PackageCache\com.unity.modules.unitywebrequestassetbundle@1.0.0)
    com.unity.modules.unitywebrequestaudio@1.0.0 (location: D:\Project\Apocalypic-journey-mods-creator\ModExp\AuraCardFrameFxLab\Library\PackageCache\com.unity.modules.unitywebrequestaudio@1.0.0)
    com.unity.modules.unitywebrequesttexture@1.0.0 (location: D:\Project\Apocalypic-journey-mods-creator\ModExp\AuraCardFrameFxLab\Library\PackageCache\com.unity.modules.unitywebrequesttexture@1.0.0)
    com.unity.modules.unitywebrequestwww@1.0.0 (location: D:\Project\Apocalypic-journey-mods-creator\ModExp\AuraCardFrameFxLab\Library\PackageCache\com.unity.modules.unitywebrequestwww@1.0.0)
    com.unity.modules.vehicles@1.0.0 (location: D:\Project\Apocalypic-journey-mods-creator\ModExp\AuraCardFrameFxLab\Library\PackageCache\com.unity.modules.vehicles@1.0.0)
    com.unity.modules.video@1.0.0 (location: D:\Project\Apocalypic-journey-mods-creator\ModExp\AuraCardFrameFxLab\Library\PackageCache\com.unity.modules.video@1.0.0)
    com.unity.modules.vr@1.0.0 (location: D:\Project\Apocalypic-journey-mods-creator\ModExp\AuraCardFrameFxLab\Library\PackageCache\com.unity.modules.vr@1.0.0)
    com.unity.modules.wind@1.0.0 (location: D:\Project\Apocalypic-journey-mods-creator\ModExp\AuraCardFrameFxLab\Library\PackageCache\com.unity.modules.wind@1.0.0)
    com.unity.modules.xr@1.0.0 (location: D:\Project\Apocalypic-journey-mods-creator\ModExp\AuraCardFrameFxLab\Library\PackageCache\com.unity.modules.xr@1.0.0)
    com.unity.modules.subsystems@1.0.0 (location: D:\Project\Apocalypic-journey-mods-creator\ModExp\AuraCardFrameFxLab\Library\PackageCache\com.unity.modules.subsystems@1.0.0)
[Subsystems] No new subsystems found in resolved package list.
Package Manager log level set to [2]
[Package Manager] Done registering packages in 0.05 seconds
Artifact Garbage Collection - Removed 1 unused hashed content files
Refreshing native plugins compatible for Editor in 0.00 ms, found 0 plugins.
Preloading 0 native plugins for Editor in 0.00 ms.
Initialize engine version: 2022.3.62f3c1 (1623fc0bbb97)
[Subsystems] Discovering subsystems at path D:/UnityFile/2022.3.62f3c1/Editor/Data/Resources/UnitySubsystems
[Subsystems] Discovering subsystems at path D:/Project/Apocalypic-journey-mods-creator/ModExp/AuraCardFrameFxLab/Assets
Forcing GfxDevice: Null
GfxDevice: creating device client; threaded=0; jobified=0
NullGfxDevice:
    Version:  NULL 1.0 [1.0]
    Renderer: Null Device
    Vendor:   Unity Technologies
[Licensing::Client] Successfully resolved entitlement details
Initialize mono
Mono path[0] = 'D:/UnityFile/2022.3.62f3c1/Editor/Data/Managed'
Mono path[1] = 'D:/UnityFile/2022.3.62f3c1/Editor/Data/MonoBleedingEdge/lib/mono/unityjit-win32'
Mono config path = 'D:/UnityFile/2022.3.62f3c1/Editor/Data/MonoBleedingEdge/etc'
Using monoOptions --debugger-agent=transport=dt_socket,embedding=1,server=y,suspend=n,address=127.0.0.1:56760
Using cacheserver namespaces - metadata:defaultmetadata, artifacts:defaultartifacts
Using cacheserver namespaces - metadata:defaultmetadata, artifacts:defaultartifacts
ImportWorker Server TCP listen port: 0
Begin MonoManager ReloadAssembly
Registering precompiled unity dll's ...
Register platform support module: D:/UnityFile/2022.3.62f3c1/Editor/Data/PlaybackEngines/WindowsStandaloneSupport/UnityEditor.WindowsStandalone.Extensions.dll
Registered in 0.001495 seconds.
- Loaded All Assemblies, in  0.167 seconds
Native extension for WindowsStandalone target not found
Mono: successfully reloaded assembly
- Finished resetting the current domain, in  0.126 seconds
Domain Reload Profiling: 293ms
	BeginReloadAssembly (48ms)
		ExecutionOrderSort (0ms)
		DisableScriptedObjects (0ms)
		BackupInstance (0ms)
		ReleaseScriptingObjects (0ms)
		CreateAndSetChildDomain (0ms)
	RebuildCommonClasses (16ms)
	RebuildNativeTypeToScriptingClass (5ms)
	initialDomainReloadingComplete (25ms)
	LoadAllAssembliesAndSetupDomain (72ms)
		LoadAssemblies (47ms)
		RebuildTransferFunctionScriptingTraits (0ms)
		AnalyzeDomain (71ms)
			TypeCache.Refresh (70ms)
				TypeCache.ScanAssembly (62ms)
			ScanForSourceGeneratedMonoScriptInfo (0ms)
			ResolveRequiredComponents (0ms)
	FinalizeReload (126ms)
		ReleaseScriptCaches (0ms)
		RebuildScriptCaches (0ms)
		SetupLoadedEditorAssemblies (101ms)
			LogAssemblyErrors (0ms)
			InitializePlatformSupportModulesInManaged (5ms)
			SetLoadedEditorAssemblies (4ms)
			RefreshPlugins (0ms)
			BeforeProcessingInitializeOnLoad (1ms)
			ProcessInitializeOnLoadAttributes (69ms)
			ProcessInitializeOnLoadMethodAttributes (22ms)
			AfterProcessingInitializeOnLoad (0ms)
			EditorAssembliesLoaded (0ms)
		ExecutionOrderSort2 (0ms)
		AwakeInstancesAfterBackupRestoration (0ms)
[Licensing::Client] Successfully resolved entitlement details
Application.AssetDatabase Initial Refresh Start
[ScriptCompilation] Requested script compilation because: Assetdatabase observed changes in script compilation related files
info: Microsoft.Hosting.Lifetime[14]
      Now listening on: http://localhost:80
info: Microsoft.Hosting.Lifetime[0]
      Application started. Press Ctrl+C to shut down.
info: Microsoft.Hosting.Lifetime[0]
      Hosting environment: Production
info: Microsoft.Hosting.Lifetime[0]
      Content root path: D:\Project\Apocalypic-journey-mods-creator\ModExp\AuraCardFrameFxLab\
info: Microsoft.AspNetCore.Hosting.Diagnostics[1]
      Request starting HTTP/2 POST http://ilpp/UnityILPP.PostProcessing/Ping application/grpc -
info: Microsoft.AspNetCore.Routing.EndpointMiddleware[0]
      Executing endpoint 'gRPC - /UnityILPP.PostProcessing/Ping'
info: Microsoft.AspNetCore.Routing.EndpointMiddleware[1]
      Executed endpoint 'gRPC - /UnityILPP.PostProcessing/Ping'
info: Microsoft.AspNetCore.Hosting.Diagnostics[2]
      Request finished HTTP/2 POST http://ilpp/UnityILPP.PostProcessing/Ping application/grpc - - 200 - application/grpc 24.1641ms
Starting: D:\UnityFile\2022.3.62f3c1\Editor\Data\bee_backend.exe --ipc --defer-dag-verification --dagfile="Library/Bee/1900b0aE.dag" --continue-on-failure --profile="Library/Bee/backend1.traceevents" ScriptAssemblies
WorkingDir: D:/Project/Apocalypic-journey-mods-creator/ModExp/AuraCardFrameFxLab
DisplayProgressbar: Compiling Scripts
ExitCode: 0 Duration: 0s748ms
[118/121    0s] Csc Library/Bee/artifacts/1900b0aE.dag/Assembly-CSharp-Editor.dll (+2 others)
[119/121    0s] CopyFiles Library/ScriptAssemblies/Assembly-CSharp-Editor.pdb
[120/121    0s] CopyFiles Library/ScriptAssemblies/Assembly-CSharp-Editor.dll
*** Tundra build success (0.73 seconds), 3 items updated, 121 evaluated
AssetDatabase: script compilation time: 1.021491s
Begin MonoManager ReloadAssembly
Total cache size 90990804
Total cache size after purge 90990804
- Loaded All Assemblies, in  0.154 seconds
Refreshing native plugins compatible for Editor in 0.00 ms, found 0 plugins.
Preloading 0 native plugins for Editor in 0.00 ms.
Start importing Assets/AuraCardFrameFxLab/Editor/AuraCardFrameFxLabSceneBuilder.cs using Guid(176f05b64bf840a4ebc1d0bf801eb602) Importer(-1,00000000000000000000000000000000) [PhysX] Initialized MultithreadedTaskDispatcher with 32 workers.
 -> (artifact id: 'efd3589adf04d20070fa62331bb2001a') in 0.008611 seconds
Refreshing native plugins compatible for Editor in 0.00 ms, found 0 plugins.
Native extension for WindowsStandalone target not found
Mono: successfully reloaded assembly
- Finished resetting the current domain, in  0.152 seconds
Domain Reload Profiling: 307ms
	BeginReloadAssembly (77ms)
		ExecutionOrderSort (0ms)
		DisableScriptedObjects (2ms)
		BackupInstance (0ms)
		ReleaseScriptingObjects (0ms)
		CreateAndSetChildDomain (19ms)
	RebuildCommonClasses (18ms)
	RebuildNativeTypeToScriptingClass (5ms)
	initialDomainReloadingComplete (10ms)
	LoadAllAssembliesAndSetupDomain (45ms)
		LoadAssemblies (76ms)
		RebuildTransferFunctionScriptingTraits (0ms)
		AnalyzeDomain (6ms)
			TypeCache.Refresh (4ms)
				TypeCache.ScanAssembly (2ms)
			ScanForSourceGeneratedMonoScriptInfo (1ms)
			ResolveRequiredComponents (1ms)
	FinalizeReload (152ms)
		ReleaseScriptCaches (0ms)
		RebuildScriptCaches (0ms)
		SetupLoadedEditorAssemblies (98ms)
			LogAssemblyErrors (0ms)
			InitializePlatformSupportModulesInManaged (2ms)
			SetLoadedEditorAssemblies (3ms)
			RefreshPlugins (0ms)
			BeforeProcessingInitializeOnLoad (16ms)
			ProcessInitializeOnLoadAttributes (67ms)
			ProcessInitializeOnLoadMethodAttributes (8ms)
			AfterProcessingInitializeOnLoad (1ms)
			EditorAssembliesLoaded (0ms)
		ExecutionOrderSort2 (0ms)
		AwakeInstancesAfterBackupRestoration (4ms)
Refreshing native plugins compatible for Editor in 0.00 ms, found 0 plugins.
Preloading 0 native plugins for Editor in 0.00 ms.
Asset Pipeline Refresh (id=271055b4a38d61a4ab7184f58230f0e1): Total: 1.447 seconds - Initiated by InitialRefreshV2(ForceSynchronousImport)
	Summary:
		Imports: total=1 (actual=1, local cache=0, cache server=0)
		Asset DB Process Time: managed=1 ms, native=81 ms
		Asset DB Callback time: managed=25 ms, native=1 ms
		Scripting: domain reloads=1, domain reload time=310 ms, compile time=1023 ms, other=2 ms
		Project Asset Count: scripts=369, non-scripts=44
		Asset File Changes: new=0, changed=1, moved=0, deleted=0
		Scan Filter Count: 0
	InvokeBeforeRefreshCallbacks: 0.182ms
	ApplyChangesToAssetFolders: 0.031ms
	Scan: 16.192ms
	OnSourceAssetsModified: 1.962ms
	GetAllGuidsForCategorization: 0.045ms
	CategorizeAssets: 2.386ms
	ImportOutOfDateAssets: 165.847ms (-870.334ms without children)
		ImportManagerImport: 12.040ms (3.294ms without children)
			ImportInProcess: 8.732ms
			UpdateCategorizedAssets: 0.014ms
		CompileScripts: 1022.745ms
		ReloadNativeAssets: 0.001ms
		UnloadImportedAssets: 1.137ms
		ReloadImportedAssets: 0.133ms
		EnsureUptoDateAssetsAreRegisteredWithGuidPM: 0.049ms
		InitializingProgressBar: 0.000ms
		PostProcessAllAssetNotificationsAddChangedAssets: 0.000ms
		OnDemandSchedulerStart: 0.077ms
	PostProcessAllAssets: 24.605ms
	Hotreload: 0.339ms
	GatherAllCurrentPrimaryArtifactRevisions: 0.000ms
	UnloadStreamsBegin: 0.196ms
	PersistCurrentRevisions: 0.047ms
	UnloadStreamsEnd: 0.002ms
	GenerateScriptTypeHashes: 0.001ms
	Untracked: 1235.105ms
Application.AssetDatabase Initial Refresh End
Scanning for USB devices : 15.521ms
Initializing Unity extensions:
[Licensing::Client] Successfully resolved entitlement details
[MODES] ModeService[none].Initialize
[MODES] ModeService[none].LoadModes
[MODES] Loading mode Default (0) for mode-current-id-AuraCardFrameFxLab
[PhysX] Initialized MultithreadedTaskDispatcher with 32 workers.
ProgressiveSceneManager::Cancel()
Unloading 4 Unused Serialized files (Serialized files now loaded: 0)
Unloading 15 unused Assets / (0.5 MB). Loaded Objects now: 734.
Memory consumption went from 87.7 MB to 87.2 MB.
Total: 2.111600 ms (FindLiveObjects: 0.049200 ms CreateObjectMapping: 0.005700 ms MarkObjects: 1.847700 ms  DeleteObjects: 0.208600 ms)

Opening scene 'Assets/AuraCardFrameFxLab/Scenes/CardFrameFxLab.unity'
[PhysX] Initialized MultithreadedTaskDispatcher with 32 workers.
Unloading 5 Unused Serialized files (Serialized files now loaded: 0)
Loaded scene 'Assets/AuraCardFrameFxLab/Scenes/CardFrameFxLab.unity'
	Deserialize:            4.045 ms
	Integration:            20.582 ms
	Integration of assets:  0.789 ms
	Thread Wait Time:       0.012 ms
	Total Operation Time:   25.427 ms
Unloading 1 unused Assets / (0.5 KB). Loaded Objects now: 775.
Memory consumption went from 87.8 MB to 87.8 MB.
Total: 1.713700 ms (FindLiveObjects: 0.051500 ms CreateObjectMapping: 0.006200 ms MarkObjects: 1.645200 ms  DeleteObjects: 0.010200 ms)

AuraCardFrameFxLab smoke test passed.
UnityEngine.StackTraceUtility:ExtractStackTrace ()
UnityEngine.DebugLogHandler:LogFormat (UnityEngine.LogType,UnityEngine.Object,string,object[])
UnityEngine.Logger:Log (UnityEngine.LogType,object)
UnityEngine.Debug:Log (object)
AuraCardFrameFxLabEditor.AuraCardFrameFxLabSceneBuilder:SmokeTest () (at Assets/AuraCardFrameFxLab/Editor/AuraCardFrameFxLabSceneBuilder.cs:100)

(Filename: Assets/AuraCardFrameFxLab/Editor/AuraCardFrameFxLabSceneBuilder.cs Line: 100)

Batchmode quit successfully invoked - shutting down!
Curl error 42: Callback aborted
Curl error 42: Callback aborted
[PhysX] Initialized MultithreadedTaskDispatcher with 32 workers.
Leftover web requests after shut down
Input System module state changed to: ShutdownInProgress.
Input System polling thread exited.
Input System module state changed to: Shutdown.
[Licensing::IpcConnector] LicenseClient-Administrator-notifications channel disconnected successfully.
[Licensing::IpcConnector] LicenseClient-Administrator channel disconnected successfully.
