[Licensing::Module] Trying to connect to existing licensing client channel...
[Licensing::IpcConnector] Channel LicenseClient-Administrator doesn't exist
[Licensing::Module] Successfully launched the LicensingClient (PId: 10664)
[Licensing::IpcConnector] Successfully connected to: "LicenseClient-Administrator" at "2026-07-02T04:25:35.5451561Z"
[Licensing::Client] Code 10 while verifying Licensing Client signature (process Id: 10664, path: "D:/UnityFile/2022.3.62f3c1/Editor/Data/Resources/Licensing/Client/Unity.Licensing.Client.exe")
[Licensing::Module] LicensingClient has failed validation; ignoring
[Licensing::Client] Handshaking with LicensingClient:
  Version:                 1.16.2+bdef8f5
  Session Id:              e46da8f562944378bd7d966a9eda37f7
  Correlation Id:          81431a744278beb411f68e734db7907a
  External correlation Id: 156760043036461734
  Machine Id:              g+6V6afw2YIrGlsl7FZ430wPoSI=
[Licensing::Module] Successfully connected to LicensingClient on channel: "LicenseClient-Administrator" (connect: 0.56s, validation: 0.04s, handshake: 0.02s)
[Licensing::IpcConnector] Successfully connected to: "LicenseClient-Administrator-notifications" at "2026-07-02T04:25:35.607508Z"
[Licensing::Module] Connected to LicensingClient (PId: 10664, launch time: 0.00, total connection time: 0.63s)
[Licensing::Module] Error: Access token is unavailable; failed to update
[Licensing::Client] Successfully updated license
Built from '2022.3/china_unity/release' branch; Version is '2022.3.62f3c1 (1623fc0bbb97) revision 1451004'; Using compiler version '192829333'; Build Type 'Release'
OS: 'Windows 11  (10.0.26200) 64bit Professional' Language: 'zh' Physical Memory: 31898 MB
[Licensing::Client] Successfully resolved entitlement details
[Licensing::Module] Serial number assigned to: "F4-54ZC-YTHZ-PJX4-4S32-XXXX"
BatchMode: 1, IsHumanControllingUs: 0, StartBugReporterOnCrash: 0, Is64bit: 1, IsPro: 0
[Licensing::Client] Successfully resolved entitlement details

COMMAND LINE ARGUMENTS:
D:\UnityFile\2022.3.62f3c1\Editor\Unity.exe
-batchmode
-quit
-nographics
-projectPath
D:\Project\Apocalypic-journey-mods-creator\ModExp\AuraCardFrameFxLab
-executeMethod
AuraCardFrameFxLabEditor.AuraCardFrameFxLabSceneBuilder.Build
-logFile
D:\Project\Apocalypic-journey-mods-creator\ModExp\tmp\AuraCardFrameFxLab-build-2.log
Successfully changed project path to: D:\Project\Apocalypic-journey-mods-creator\ModExp\AuraCardFrameFxLab
D:/Project/Apocalypic-journey-mods-creator/ModExp/AuraCardFrameFxLab
[UnityMemory] Configuration Parameters - Can be set up in boot.config
    "memorysetup-bucket-allocator-granularity=16"
    "memorysetup-bucket-allocator-bucket-count=8"
    "memorysetup-bucket-allocator-block-size=33554432"
    "memorysetup-bucket-allocator-block-count=8"
    "memorysetup-main-allocator-block-size=16777216"
    "memorysetup-thread-allocator-block-size=16777216"
    "memorysetup-gfx-main-allocator-block-size=16777216"
    "memorysetup-gfx-thread-allocator-block-size=16777216"
    "memorysetup-cache-allocator-block-size=4194304"
    "memorysetup-typetree-allocator-block-size=2097152"
    "memorysetup-profiler-bucket-allocator-granularity=16"
    "memorysetup-profiler-bucket-allocator-bucket-count=8"
    "memorysetup-profiler-bucket-allocator-block-size=33554432"
    "memorysetup-profiler-bucket-allocator-block-count=8"
    "memorysetup-profiler-allocator-block-size=16777216"
    "memorysetup-profiler-editor-allocator-block-size=1048576"
    "memorysetup-temp-allocator-size-main=16777216"
    "memorysetup-job-temp-allocator-block-size=2097152"
    "memorysetup-job-temp-allocator-block-size-background=1048576"
    "memorysetup-job-temp-allocator-reduction-small-platforms=262144"
    "memorysetup-allocator-temp-initial-block-size-main=262144"
    "memorysetup-allocator-temp-initial-block-size-worker=262144"
    "memorysetup-temp-allocator-size-background-worker=32768"
    "memorysetup-temp-allocator-size-job-worker=262144"
    "memorysetup-temp-allocator-size-preload-manager=33554432"
    "memorysetup-temp-allocator-size-nav-mesh-worker=65536"
    "memorysetup-temp-allocator-size-audio-worker=65536"
    "memorysetup-temp-allocator-size-cloud-worker=32768"
    "memorysetup-temp-allocator-size-gi-baking-worker=262144"
    "memorysetup-temp-allocator-size-gfx=262144"
Player connection [31516]  Target information:

Player connection [31516]  * "[IP] 192.168.3.35 [Port] 55504 [Flags] 2 [Guid] 3681560028 [EditorId] 3681560028 [Version] 1048832 [Id] WindowsEditor(7,DESKTOP-EAPFP7V) [Debug] 1 [PackageName] WindowsEditor [ProjectName] Editor" 

Player connection [31516]  * "[IP] 172.28.32.1 [Port] 55504 [Flags] 2 [Guid] 3681560028 [EditorId] 3681560028 [Version] 1048832 [Id] WindowsEditor(7,DESKTOP-EAPFP7V) [Debug] 1 [PackageName] WindowsEditor [ProjectName] Editor" 

Player connection [31516]  * "[IP] 198.16.0.2 [Port] 55504 [Flags] 2 [Guid] 3681560028 [EditorId] 3681560028 [Version] 1048832 [Id] WindowsEditor(7,DESKTOP-EAPFP7V) [Debug] 1 [PackageName] WindowsEditor [ProjectName] Editor" 

Player connection [31516] Host joined multi-casting on [225.0.0.222:54997]...
Player connection [31516] Host joined alternative multi-casting on [225.0.0.222:34997]...
Input System module state changed to: Initialized.
[PhysX] Initialized MultithreadedTaskDispatcher with 32 workers.
[Package Manager] UpmClient::Connect -- Connected to IPC stream "Upm-30684" after 0.2 seconds.
[Package Manager] Restoring resolved packages state from cache
[Licensing::Client] Successfully resolved entitlement details
[Package Manager] Registered 33 packages:
  Built-in packages:
    com.unity.ugui@1.0.0 (location: D:\Project\Apocalypic-journey-mods-creator\ModExp\AuraCardFrameFxLab\Library\PackageCache\com.unity.ugui@1.0.0)
    com.unity.modules.ai@1.0.0 (location: D:\Project\Apocalypic-journey-mods-creator\ModExp\AuraCardFrameFxLab\Library\PackageCache\com.unity.modules.ai@1.0.0)
    com.unity.modules.androidjni@1.0.0 (location: D:\Project\Apocalypic-journey-mods-creator\ModExp\AuraCardFrameFxLab\Library\PackageCache\com.unity.modules.androidjni@1.0.0)
    com.unity.modules.animation@1.0.0 (location: D:\Project\Apocalypic-journey-mods-creator\ModExp\AuraCardFrameFxLab\Library\PackageCache\com.unity.modules.animation@1.0.0)
    com.unity.modules.assetbundle@1.0.0 (location: D:\Project\Apocalypic-journey-mods-creator\ModExp\AuraCardFrameFxLab\Library\PackageCache\com.unity.modules.assetbundle@1.0.0)
    com.unity.modules.audio@1.0.0 (location: D:\Project\Apocalypic-journey-mods-creator\ModExp\AuraCardFrameFxLab\Library\PackageCache\com.unity.modules.audio@1.0.0)
    com.unity.modules.cloth@1.0.0 (location: D:\Project\Apocalypic-journey-mods-creator\ModExp\AuraCardFrameFxLab\Library\PackageCache\com.unity.modules.cloth@1.0.0)
    com.unity.modules.director@1.0.0 (location: D:\Project\Apocalypic-journey-mods-creator\ModExp\AuraCardFrameFxLab\Library\PackageCache\com.unity.modules.director@1.0.0)
    com.unity.modules.imageconversion@1.0.0 (location: D:\Project\Apocalypic-journey-mods-creator\ModExp\AuraCardFrameFxLab\Library\PackageCache\com.unity.modules.imageconversion@1.0.0)
    com.unity.modules.imgui@1.0.0 (location: D:\Project\Apocalypic-journey-mods-creator\ModExp\AuraCardFrameFxLab\Library\PackageCache\com.unity.modules.imgui@1.0.0)
    com.unity.modules.jsonserialize@1.0.0 (location: D:\Project\Apocalypic-journey-mods-creator\ModExp\AuraCardFrameFxLab\Library\PackageCache\com.unity.modules.jsonserialize@1.0.0)
    com.unity.modules.particlesystem@1.0.0 (location: D:\Project\Apocalypic-journey-mods-creator\ModExp\AuraCardFrameFxLab\Library\PackageCache\com.unity.modules.particlesystem@1.0.0)
    com.unity.modules.physics@1.0.0 (location: D:\Project\Apocalypic-journey-mods-creator\ModExp\AuraCardFrameFxLab\Library\PackageCache\com.unity.modules.physics@1.0.0)
    com.unity.modules.physics2d@1.0.0 (location: D:\Project\Apocalypic-journey-mods-creator\ModExp\AuraCardFrameFxLab\Library\PackageCache\com.unity.modules.physics2d@1.0.0)
    com.unity.modules.screencapture@1.0.0 (location: D:\Project\Apocalypic-journey-mods-creator\ModExp\AuraCardFrameFxLab\Library\PackageCache\com.unity.modules.screencapture@1.0.0)
    com.unity.modules.terrain@1.0.0 (location: D:\Project\Apocalypic-journey-mods-creator\ModExp\AuraCardFrameFxLab\Library\PackageCache\com.unity.modules.terrain@1.0.0)
    com.unity.modules.terrainphysics@1.0.0 (location: D:\Project\Apocalypic-journey-mods-creator\ModExp\AuraCardFrameFxLab\Library\PackageCache\com.unity.modules.terrainphysics@1.0.0)
    com.unity.modules.tilemap@1.0.0 (location: D:\Project\Apocalypic-journey-mods-creator\ModExp\AuraCardFrameFxLab\Library\PackageCache\com.unity.modules.tilemap@1.0.0)
    com.unity.modules.ui@1.0.0 (location: D:\Project\Apocalypic-journey-mods-creator\ModExp\AuraCardFrameFxLab\Library\PackageCache\com.unity.modules.ui@1.0.0)
    com.unity.modules.uielements@1.0.0 (location: D:\Project\Apocalypic-journey-mods-creator\ModExp\AuraCardFrameFxLab\Library\PackageCache\com.unity.modules.uielements@1.0.0)
    com.unity.modules.umbra@1.0.0 (location: D:\Project\Apocalypic-journey-mods-creator\ModExp\AuraCardFrameFxLab\Library\PackageCache\com.unity.modules.umbra@1.0.0)
    com.unity.modules.unityanalytics@1.0.0 (location: D:\Project\Apocalypic-journey-mods-creator\ModExp\AuraCardFrameFxLab\Library\PackageCache\com.unity.modules.unityanalytics@1.0.0)
    com.unity.modules.unitywebrequest@1.0.0 (location: D:\Project\Apocalypic-journey-mods-creator\ModExp\AuraCardFrameFxLab\Library\PackageCache\com.unity.modules.unitywebrequest@1.0.0)
    com.unity.modules.unitywebrequestassetbundle@1.0.0 (location: D:\Project\Apocalypic-journey-mods-creator\ModExp\AuraCardFrameFxLab\Library\PackageCache\com.unity.modules.unitywebrequestassetbundle@1.0.0)
    com.unity.modules.unitywebrequestaudio@1.0.0 (location: D:\Project\Apocalypic-journey-mods-creator\ModExp\AuraCardFrameFxLab\Library\PackageCache\com.unity.modules.unitywebrequestaudio@1.0.0)
    com.unity.modules.unitywebrequesttexture@1.0.0 (location: D:\Project\Apocalypic-journey-mods-creator\ModExp\AuraCardFrameFxLab\Library\PackageCache\com.unity.modules.unitywebrequesttexture@1.0.0)
    com.unity.modules.unitywebrequestwww@1.0.0 (location: D:\Project\Apocalypic-journey-mods-creator\ModExp\AuraCardFrameFxLab\Library\PackageCache\com.unity.modules.unitywebrequestwww@1.0.0)
    com.unity.modules.vehicles@1.0.0 (location: D:\Project\Apocalypic-journey-mods-creator\ModExp\AuraCardFrameFxLab\Library\PackageCache\com.unity.modules.vehicles@1.0.0)
    com.unity.modules.video@1.0.0 (location: D:\Project\Apocalypic-journey-mods-creator\ModExp\AuraCardFrameFxLab\Library\PackageCache\com.unity.modules.video@1.0.0)
    com.unity.modules.vr@1.0.0 (location: D:\Project\Apocalypic-journey-mods-creator\ModExp\AuraCardFrameFxLab\Library\PackageCache\com.unity.modules.vr@1.0.0)
    com.unity.modules.wind@1.0.0 (location: D:\Project\Apocalypic-journey-mods-creator\ModExp\AuraCardFrameFxLab\Library\PackageCache\com.unity.modules.wind@1.0.0)
    com.unity.modules.xr@1.0.0 (location: D:\Project\Apocalypic-journey-mods-creator\ModExp\AuraCardFrameFxLab\Library\PackageCache\com.unity.modules.xr@1.0.0)
    com.unity.modules.subsystems@1.0.0 (location: D:\Project\Apocalypic-journey-mods-creator\ModExp\AuraCardFrameFxLab\Library\PackageCache\com.unity.modules.subsystems@1.0.0)
[Subsystems] No new subsystems found in resolved package list.
Package Manager log level set to [2]
[Package Manager] Done registering packages in 0.05 seconds
Artifact Garbage Collection - Removed 4 unused hashed content files
Refreshing native plugins compatible for Editor in 0.00 ms, found 0 plugins.
Preloading 0 native plugins for Editor in 0.00 ms.
Initialize engine version: 2022.3.62f3c1 (1623fc0bbb97)
[Subsystems] Discovering subsystems at path D:/UnityFile/2022.3.62f3c1/Editor/Data/Resources/UnitySubsystems
[Subsystems] Discovering subsystems at path D:/Project/Apocalypic-journey-mods-creator/ModExp/AuraCardFrameFxLab/Assets
Forcing GfxDevice: Null
GfxDevice: creating device client; threaded=0; jobified=0
NullGfxDevice:
    Version:  NULL 1.0 [1.0]
    Renderer: Null Device
    Vendor:   Unity Technologies
[Licensing::Client] Successfully resolved entitlement details
Initialize mono
Mono path[0] = 'D:/UnityFile/2022.3.62f3c1/Editor/Data/Managed'
Mono path[1] = 'D:/UnityFile/2022.3.62f3c1/Editor/Data/MonoBleedingEdge/lib/mono/unityjit-win32'
Mono config path = 'D:/UnityFile/2022.3.62f3c1/Editor/Data/MonoBleedingEdge/etc'
Using monoOptions --debugger-agent=transport=dt_socket,embedding=1,server=y,suspend=n,address=127.0.0.1:56684
Using cacheserver namespaces - metadata:defaultmetadata, artifacts:defaultartifacts
Using cacheserver namespaces - metadata:defaultmetadata, artifacts:defaultartifacts
ImportWorker Server TCP listen port: 0
Begin MonoManager ReloadAssembly
Registering precompiled unity dll's ...
Register platform support module: D:/UnityFile/2022.3.62f3c1/Editor/Data/PlaybackEngines/WindowsStandaloneSupport/UnityEditor.WindowsStandalone.Extensions.dll
Registered in 0.001690 seconds.
- Loaded All Assemblies, in  0.159 seconds
Native extension for WindowsStandalone target not found
Mono: successfully reloaded assembly
- Finished resetting the current domain, in  0.120 seconds
Domain Reload Profiling: 279ms
	BeginReloadAssembly (46ms)
		ExecutionOrderSort (0ms)
		DisableScriptedObjects (0ms)
		BackupInstance (0ms)
		ReleaseScriptingObjects (0ms)
		CreateAndSetChildDomain (0ms)
	RebuildCommonClasses (19ms)
	RebuildNativeTypeToScriptingClass (5ms)
	initialDomainReloadingComplete (24ms)
	LoadAllAssembliesAndSetupDomain (65ms)
		LoadAssemblies (46ms)
		RebuildTransferFunctionScriptingTraits (0ms)
		AnalyzeDomain (64ms)
			TypeCache.Refresh (63ms)
				TypeCache.ScanAssembly (56ms)
			ScanForSourceGeneratedMonoScriptInfo (0ms)
			ResolveRequiredComponents (0ms)
	FinalizeReload (120ms)
		ReleaseScriptCaches (0ms)
		RebuildScriptCaches (0ms)
		SetupLoadedEditorAssemblies (97ms)
			LogAssemblyErrors (0ms)
			InitializePlatformSupportModulesInManaged (4ms)
			SetLoadedEditorAssemblies (4ms)
			RefreshPlugins (0ms)
			BeforeProcessingInitializeOnLoad (1ms)
			ProcessInitializeOnLoadAttributes (66ms)
			ProcessInitializeOnLoadMethodAttributes (22ms)
			AfterProcessingInitializeOnLoad (0ms)
			EditorAssembliesLoaded (0ms)
		ExecutionOrderSort2 (0ms)
		AwakeInstancesAfterBackupRestoration (0ms)
[Licensing::Client] Successfully resolved entitlement details
Application.AssetDatabase Initial Refresh Start
info: Microsoft.Hosting.Lifetime[14]
      Now listening on: http://localhost:80
info: Microsoft.Hosting.Lifetime[0]
      Application started. Press Ctrl+C to shut down.
info: Microsoft.Hosting.Lifetime[0]
      Hosting environment: Production
info: Microsoft.Hosting.Lifetime[0]
      Content root path: D:\Project\Apocalypic-journey-mods-creator\ModExp\AuraCardFrameFxLab\
info: Microsoft.AspNetCore.Hosting.Diagnostics[1]
      Request starting HTTP/2 POST http://ilpp/UnityILPP.PostProcessing/Ping application/grpc -
info: Microsoft.AspNetCore.Routing.EndpointMiddleware[0]
      Executing endpoint 'gRPC - /UnityILPP.PostProcessing/Ping'
info: Microsoft.AspNetCore.Routing.EndpointMiddleware[1]
      Executed endpoint 'gRPC - /UnityILPP.PostProcessing/Ping'
info: Microsoft.AspNetCore.Hosting.Diagnostics[2]
      Request finished HTTP/2 POST http://ilpp/UnityILPP.PostProcessing/Ping application/grpc - - 200 - application/grpc 24.2200ms
Starting: D:\UnityFile\2022.3.62f3c1\Editor\Data\bee_backend.exe --ipc --defer-dag-verification --dagfile="Library/Bee/1900b0aE.dag" --continue-on-failure --profile="Library/Bee/backend1.traceevents" ScriptAssemblies
WorkingDir: D:/Project/Apocalypic-journey-mods-creator/ModExp/AuraCardFrameFxLab
DisplayProgressbar: Compiling Scripts
ExitCode: 0 Duration: 0s43ms
*** Tundra build success (0.03 seconds), 0 items updated, 121 evaluated
AssetDatabase: script compilation time: 0.301173s
Begin MonoManager ReloadAssembly
Total cache size 90990804
Total cache size after purge 90990804
- Loaded All Assemblies, in  0.115 seconds
Refreshing native plugins compatible for Editor in 0.00 ms, found 0 plugins.
Preloading 0 native plugins for Editor in 0.00 ms.
Refreshing native plugins compatible for Editor in 0.00 ms, found 0 plugins.
Native extension for WindowsStandalone target not found
Mono: successfully reloaded assembly
- Finished resetting the current domain, in  0.159 seconds
Domain Reload Profiling: 275ms
	BeginReloadAssembly (75ms)
		ExecutionOrderSort (0ms)
		DisableScriptedObjects (2ms)
		BackupInstance (0ms)
		ReleaseScriptingObjects (0ms)
		CreateAndSetChildDomain (19ms)
	RebuildCommonClasses (17ms)
	RebuildNativeTypeToScriptingClass (5ms)
	initialDomainReloadingComplete (10ms)
	LoadAllAssembliesAndSetupDomain (7ms)
		LoadAssemblies (38ms)
		RebuildTransferFunctionScriptingTraits (0ms)
		AnalyzeDomain (6ms)
			TypeCache.Refresh (4ms)
				TypeCache.ScanAssembly (1ms)
			ScanForSourceGeneratedMonoScriptInfo (1ms)
			ResolveRequiredComponents (1ms)
	FinalizeReload (160ms)
		ReleaseScriptCaches (0ms)
		RebuildScriptCaches (0ms)
		SetupLoadedEditorAssemblies (101ms)
			LogAssemblyErrors (0ms)
			InitializePlatformSupportModulesInManaged (2ms)
			SetLoadedEditorAssemblies (3ms)
			RefreshPlugins (0ms)
			BeforeProcessingInitializeOnLoad (17ms)
			ProcessInitializeOnLoadAttributes (68ms)
			ProcessInitializeOnLoadMethodAttributes (9ms)
			AfterProcessingInitializeOnLoad (1ms)
			EditorAssembliesLoaded (0ms)
		ExecutionOrderSort2 (0ms)
		AwakeInstancesAfterBackupRestoration (4ms)
Asset Pipeline Refresh (id=4c27f06e58331404f8008cc7c674dc82): Total: 0.648 seconds - Initiated by InitialRefreshV2(ForceSynchronousImport)
	Summary:
		Imports: total=0 (actual=0, local cache=0, cache server=0)
		Asset DB Process Time: managed=0 ms, native=56 ms
		Asset DB Callback time: managed=6 ms, native=0 ms
		Scripting: domain reloads=1, domain reload time=279 ms, compile time=302 ms, other=2 ms
		Project Asset Count: scripts=369, non-scripts=44
		Asset File Changes: new=0, changed=0, moved=0, deleted=0
		Scan Filter Count: 0
	InvokeBeforeRefreshCallbacks: 0.189ms
	ApplyChangesToAssetFolders: 0.032ms
	Scan: 5.727ms
	OnSourceAssetsModified: 0.001ms
	GetAllGuidsForCategorization: 0.055ms
	CategorizeAssets: 2.312ms
	ImportOutOfDateAssets: 161.323ms (-142.311ms without children)
		CompileScripts: 302.366ms
		ReloadNativeAssets: 0.001ms
		UnloadImportedAssets: 1.121ms
		EnsureUptoDateAssetsAreRegisteredWithGuidPM: 0.070ms
		InitializingProgressBar: 0.001ms
		PostProcessAllAssetNotificationsAddChangedAssets: 0.000ms
		OnDemandSchedulerStart: 0.074ms
	PostProcessAllAssets: 6.512ms
	GatherAllCurrentPrimaryArtifactRevisions: 0.000ms
	UnloadStreamsBegin: 0.194ms
	PersistCurrentRevisions: 0.009ms
	UnloadStreamsEnd: 0.003ms
	GenerateScriptTypeHashes: 0.001ms
	Untracked: 471.412ms
Application.AssetDatabase Initial Refresh End
Scanning for USB devices : 16.596ms
Initializing Unity extensions:
[Licensing::Client] Successfully resolved entitlement details
[MODES] ModeService[none].Initialize
[MODES] ModeService[none].LoadModes
[MODES] Loading mode Default (0) for mode-current-id-AuraCardFrameFxLab
[PhysX] Initialized MultithreadedTaskDispatcher with 32 workers.
ProgressiveSceneManager::Cancel()
Unloading 4 Unused Serialized files (Serialized files now loaded: 0)
Unloading 15 unused Assets / (0.5 MB). Loaded Objects now: 734.
Memory consumption went from 87.7 MB to 87.2 MB.
Total: 1.810300 ms (FindLiveObjects: 0.042600 ms CreateObjectMapping: 0.004900 ms MarkObjects: 1.568900 ms  DeleteObjects: 0.193400 ms)

Start importing Assets/AuraCardFrameFxLab/Art/CardBackground.png using Guid(f70aa32cb1df9f741b51d2f5a7970063) Importer(-1,00000000000000000000000000000000) [PhysX] Initialized MultithreadedTaskDispatcher with 32 workers.
 -> (artifact id: 'a480c9cb23ed53e133fdef363871a78c') in 0.008925 seconds
Refreshing native plugins compatible for Editor in 0.00 ms, found 0 plugins.
Preloading 0 native plugins for Editor in 0.00 ms.
Asset Pipeline Refresh (id=c1de450a7cbccf542bbad1406da92134): Total: 0.030 seconds - Initiated by StopAssetImportingV2(NoUpdateAssetOptions)
Start importing Assets/AuraCardFrameFxLab/Art/SunCardFrame.png using Guid(324a383aad4e83345a99f8a03886336d) Importer(-1,00000000000000000000000000000000) [PhysX] Initialized MultithreadedTaskDispatcher with 32 workers.
 -> (artifact id: '32744e76c01939e5ec866ca7e17a0ed3') in 0.004529 seconds
Refreshing native plugins compatible for Editor in 0.00 ms, found 0 plugins.
Preloading 0 native plugins for Editor in 0.00 ms.
Asset Pipeline Refresh (id=aecf6995abba4ee42b6bf86c1f277be5): Total: 0.006 seconds - Initiated by StopAssetImportingV2(NoUpdateAssetOptions)
Start importing Assets/AuraCardFrameFxLab/Effects/WunaOrbitTrailNoise.png using Guid(3aadff830d7bc534bb52ee5e2239d480) Importer(-1,00000000000000000000000000000000) [PhysX] Initialized MultithreadedTaskDispatcher with 32 workers.
 -> (artifact id: '5027738995816b607d224ad874da838d') in 0.001485 seconds
Refreshing native plugins compatible for Editor in 0.00 ms, found 0 plugins.
Preloading 0 native plugins for Editor in 0.00 ms.
Asset Pipeline Refresh (id=3473e05460c19d547a0be2bfbe3c103a): Total: 0.003 seconds - Initiated by StopAssetImportingV2(NoUpdateAssetOptions)
Start importing Assets/AuraCardFrameFxLab/Effects/PokemonHoloFoil.png using Guid(0cb253d71f97fed408963e03bb6f568e) Importer(-1,00000000000000000000000000000000) [PhysX] Initialized MultithreadedTaskDispatcher with 32 workers.
 -> (artifact id: 'e508346979481f141ea5c561be8ae353') in 0.002083 seconds
Refreshing native plugins compatible for Editor in 0.00 ms, found 0 plugins.
Preloading 0 native plugins for Editor in 0.00 ms.
Asset Pipeline Refresh (id=8d4b62abe786af140ba65829cd45701a): Total: 0.004 seconds - Initiated by StopAssetImportingV2(NoUpdateAssetOptions)
Asset Pipeline Refresh (id=4a433c16c41212849bd5cc23e0bf4fc4): Total: 0.001 seconds - Initiated by RefreshV2(NoUpdateAssetOptions)
[PhysX] Initialized MultithreadedTaskDispatcher with 32 workers.
Unloading 6 Unused Serialized files (Serialized files now loaded: 0)
Unloading 8 unused Assets / (16.5 KB). Loaded Objects now: 739.
Memory consumption went from 88.1 MB to 88.1 MB.
Total: 1.662800 ms (FindLiveObjects: 0.026500 ms CreateObjectMapping: 0.005400 ms MarkObjects: 1.603300 ms  DeleteObjects: 0.027200 ms)

Start importing Assets/AuraCardFrameFxLab/Materials/TerriasFoilHoloFrameOverlay.mat using Guid(87eade045673983429a7ddee13050606) Importer(-1,00000000000000000000000000000000) [PhysX] Initialized MultithreadedTaskDispatcher with 32 workers.
 -> (artifact id: 'bae060ca7e2ffd1648c60ccac590ad4c') in 0.001261 seconds
Refreshing native plugins compatible for Editor in 0.00 ms, found 0 plugins.
Preloading 0 native plugins for Editor in 0.00 ms.
Asset Pipeline Refresh (id=afcfa1ebcf748d442a1b454952639a82): Total: 0.017 seconds - Initiated by StopAssetImportingV2(NoUpdateAssetOptions)
Start importing Assets/AuraCardFrameFxLab/Scenes/CardFrameFxLab.unity using Guid(f80c5d1d2f9a452428f44e2c9c6ee609) Importer(-1,00000000000000000000000000000000) [PhysX] Initialized MultithreadedTaskDispatcher with 32 workers.
 -> (artifact id: 'e5d2da7db05acc9a42f3ca80dde185d0') in 0.000601 seconds
Refreshing native plugins compatible for Editor in 0.00 ms, found 0 plugins.
Preloading 0 native plugins for Editor in 0.00 ms.
Asset Pipeline Refresh (id=e4afd704014f2bb4b8824b46f8627f85): Total: 0.007 seconds - Initiated by StopAssetImportingV2(NoUpdateAssetOptions)
Asset Pipeline Refresh (id=1e4934eabb347e84e8c51e2df4166e5a): Total: 0.017 seconds - Initiated by RefreshV2(NoUpdateAssetOptions)
AuraCardFrameFxLab scene rebuilt: Assets/AuraCardFrameFxLab/Scenes/CardFrameFxLab.unity
UnityEngine.StackTraceUtility:ExtractStackTrace ()
UnityEngine.DebugLogHandler:LogFormat (UnityEngine.LogType,UnityEngine.Object,string,object[])
UnityEngine.Logger:Log (UnityEngine.LogType,object)
UnityEngine.Debug:Log (object)
AuraCardFrameFxLabEditor.AuraCardFrameFxLabSceneBuilder:Build () (at Assets/AuraCardFrameFxLab/Editor/AuraCardFrameFxLabSceneBuilder.cs:49)

(Filename: Assets/AuraCardFrameFxLab/Editor/AuraCardFrameFxLabSceneBuilder.cs Line: 49)

Batchmode quit successfully invoked - shutting down!
Curl error 42: Callback aborted
Curl error 42: Callback aborted
[PhysX] Initialized MultithreadedTaskDispatcher with 32 workers.
Input System module state changed to: ShutdownInProgress.
Input System polling thread exited.
Input System module state changed to: Shutdown.
[Licensing::IpcConnector] LicenseClient-Administrator-notifications channel disconnected successfully.
[Licensing::IpcConnector] LicenseClient-Administrator channel disconnected successfully.
Cleanup mono
abort_threads: Failed aborting id: 0000000000005ABC, mono_thread_manage will ignore it

abort_threads: Failed aborting id: 0000000000005ABC, mono_thread_manage will ignore it

debugger-agent: Unable to listen on 5300
[Performance] WinEditorMain                                                                                                  :        1 samples, Peak.  17.5 s (1.0x), Avg.  17.5 s, Total. 17.55 s (90.6%)
[Performance] WinEditorMain.ConfigureCrashHandler                                                                            :        1 samples, Peak.  22.4 us (1.0x), Avg.  22.4 us, Total. 22.40 us (0.0%)
[Performance] WinEditorMain.CurlRequestInitialize                                                                            :        1 samples, Peak.   250 us (1.0x), Avg.   250 us, Total. 250.2 us (0.0%)
[Performance] WinEditorMain.SetupLogFile                                                                                     :        1 samples, Peak.   177 us (1.0x), Avg.   177 us, Total. 176.6 us (0.0%)
[Performance] WinEditorMain.RunNativeTestsIfRequiredAndExit                                                                  :        1 samples, Peak. 0.0 (-nan(ind)x), Avg. 0.0, Total. 0.0 (0.0%)
[Performance] WinEditorMain.Licensing                                                                                        :        1 samples, Peak.  17.5 s (1.0x), Avg.  17.5 s, Total. 17.51 s (90.4%)
[Performance] WinEditorMain.InitializeCrashHandler                                                                           :        1 samples, Peak.  19.5 ms (1.0x), Avg.  19.5 ms, Total. 19.49 ms (0.1%)
[Performance] WinEditorMain.CreateApplication                                                                                :        1 samples, Peak.  12.8 ms (1.0x), Avg.  12.8 ms, Total. 12.84 ms (0.1%)
[Performance] Application.InitializeProject                                                                                  :        1 samples, Peak.  1.48 s (1.0x), Avg.  1.48 s, Total. 1.485 s (7.7%)
[Performance] Application.PackageManager.StartServer                                                                         :        1 samples, Peak.  2.42 ms (1.0x), Avg.  2.42 ms, Total. 2.419 ms (0.0%)
[Performance] Application.AcquireProjectLock                                                                                 :        1 samples, Peak.  1.76 ms (1.0x), Avg.  1.76 ms, Total. 1.756 ms (0.0%)
[Performance] Application.InitializeEngineNoGraphics                                                                         :        1 samples, Peak.  33.6 ms (1.0x), Avg.  33.6 ms, Total. 33.62 ms (0.2%)
[Performance] Application.PackageManager.Initialize                                                                          :        1 samples, Peak.   210 ms (1.0x), Avg.   210 ms, Total. 210.1 ms (1.1%)
[Performance] Connecting to Package Manager                                                                                  :       22 samples, Peak.  66.0 us (19.8x), Avg.  3.33 us, Total. 73.30 us (0.0%)
[Performance] Application.EngineGraphics.Initialize                                                                          :        1 samples, Peak.  15.9 ms (1.0x), Avg.  15.9 ms, Total. 15.91 ms (0.1%)
[Performance] Application.GI.Initialize                                                                                      :        1 samples, Peak.  2.26 ms (1.0x), Avg.  2.26 ms, Total. 2.261 ms (0.0%)
[Performance] Application.LoadAllDefaultResourcesFromEditor                                                                  :        1 samples, Peak.  1.10 ms (1.0x), Avg.  1.10 ms, Total. 1.096 ms (0.0%)
[Performance] Application.LoadMonoAssemblies                                                                                 :        1 samples, Peak.   287 ms (1.0x), Avg.   287 ms, Total. 286.9 ms (1.5%)
[Performance] RestoreManagedReferences                                                                                       :        2 samples, Peak.  24.3 ms (2.0x), Avg.  12.2 ms, Total. 24.34 ms (0.1%)
[Performance] InitializeOnLoad DrivenRectTransformUndo                                                                       :        2 samples, Peak.   222 us (1.0x), Avg.   219 us, Total. 437.4 us (0.0%)
[Performance] InitializeOnLoad SceneSearch                                                                                   :        2 samples, Peak.  80.8 us (1.2x), Avg.  68.6 us, Total. 137.2 us (0.0%)
[Performance] InitializeOnLoad CloudBuild                                                                                    :        2 samples, Peak.  2.10 us (1.2x), Avg.  1.75 us, Total. 3.500 us (0.0%)
[Performance] InitializeOnLoad NativeFormatImporterUtility                                                                   :        2 samples, Peak.  1.53 ms (1.1x), Avg.  1.33 ms, Total. 2.670 ms (0.0%)
[Performance] InitializeOnLoad SearchService                                                                                 :        2 samples, Peak.  65.6 us (1.0x), Avg.  63.3 us, Total. 126.5 us (0.0%)
[Performance] InitializeOnLoad SettingsService                                                                               :        2 samples, Peak.  6.90 us (1.4x), Avg.  5.10 us, Total. 10.20 us (0.0%)
[Performance] InitializeOnLoad WindowLayout                                                                                  :        2 samples, Peak.   428 us (1.1x), Avg.   387 us, Total. 774.1 us (0.0%)
[Performance] InitializeOnLoad AssetStoreContext                                                                             :        2 samples, Peak.  13.6 ms (1.0x), Avg.  13.5 ms, Total. 26.94 ms (0.1%)
[Performance] InitializeOnLoad PoolManager                                                                                   :        2 samples, Peak.   336 us (1.1x), Avg.   315 us, Total. 629.9 us (0.0%)
[Performance] InitializeOnLoad MixerEffectDefinitionReloader                                                                 :        2 samples, Peak.  1.31 ms (1.2x), Avg.  1.10 ms, Total. 2.206 ms (0.0%)
[Performance] InitializeOnLoad ProjectSearch                                                                                 :        2 samples, Peak.   280 us (1.8x), Avg.   153 us, Total. 306.6 us (0.0%)
[Performance] InitializeOnLoad UISystemProfilerRenderService                                                                 :        2 samples, Peak.  5.80 us (1.2x), Avg.  4.90 us, Total. 9.800 us (0.0%)
[Performance] InitializeOnLoad EditMode                                                                                      :        2 samples, Peak.   200 us (1.0x), Avg.   196 us, Total. 391.6 us (0.0%)
[Performance] InitializeOnLoad UnityConnect                                                                                  :        2 samples, Peak.  23.6 us (1.0x), Avg.  23.6 us, Total. 47.10 us (0.0%)
[Performance] InitializeOnLoad ManagedDebugger                                                                               :        2 samples, Peak.   279 us (1.0x), Avg.   276 us, Total. 552.3 us (0.0%)
[Performance] InitializeOnLoad ShortcutIntegration                                                                           :        2 samples, Peak.  27.8 us (1.0x), Avg.  27.1 us, Total. 54.30 us (0.0%)
[Performance] InitializeOnLoad AddComponentWindow                                                                            :        2 samples, Peak.  54.4 us (1.1x), Avg.  51.3 us, Total. 102.5 us (0.0%)
[Performance] InitializeOnLoad ManagedDebuggerWindow                                                                         :        2 samples, Peak.  58.8 us (1.0x), Avg.  57.1 us, Total. 114.3 us (0.0%)
[Performance] InitializeOnLoad CacheServerWindow                                                                             :        2 samples, Peak.  5.00 us (1.3x), Avg.  3.95 us, Total. 7.900 us (0.0%)
[Performance] InitializeOnLoad PlayModeDownload                                                                              :        2 samples, Peak.  2.99 ms (1.9x), Avg.  1.58 ms, Total. 3.153 ms (0.0%)
[Performance] InitializeOnLoad MenuItems                                                                                     :        2 samples, Peak.  53.6 us (1.1x), Avg.  47.5 us, Total. 95.10 us (0.0%)
[Performance] InitializeOnLoad PrefabInstanceChangedListener                                                                 :        2 samples, Peak.  67.2 us (1.0x), Avg.  66.5 us, Total. 133.1 us (0.0%)
[Performance] InitializeOnLoad ObjectSelectorSearch                                                                          :        2 samples, Peak.  20.6 us (1.1x), Avg.  18.7 us, Total. 37.40 us (0.0%)
[Performance] InitializeOnLoad EditorMonitor                                                                                 :        2 samples, Peak.   412 us (1.3x), Avg.   321 us, Total. 641.0 us (0.0%)
[Performance] InitializeOnLoad RetainedMode                                                                                  :        2 samples, Peak.  1.19 ms (1.0x), Avg.  1.15 ms, Total. 2.307 ms (0.0%)
[Performance] InitializeOnLoad EditorShaderLoader                                                                            :        2 samples, Peak.   317 us (1.0x), Avg.   313 us, Total. 626.0 us (0.0%)
[Performance] InitializeOnLoad EditorDelegateRegistration                                                                    :        2 samples, Peak.   261 us (1.2x), Avg.   225 us, Total. 450.1 us (0.0%)
[Performance] InitializeOnLoad UIDocumentHierarchyWatcher                                                                    :        2 samples, Peak.  30.4 us (1.0x), Avg.  30.1 us, Total. 60.20 us (0.0%)
[Performance] InitializeOnLoad LiveReloadTrackerCreator                                                                      :        2 samples, Peak.   123 us (1.3x), Avg.  93.4 us, Total. 186.7 us (0.0%)
[Performance] InitializeOnLoad UxmlObjectEditorFactories                                                                     :        2 samples, Peak.   307 us (1.2x), Avg.   260 us, Total. 520.7 us (0.0%)
[Performance] InitializeOnLoad UXMLEditorFactories                                                                           :        2 samples, Peak.  29.5 ms (1.1x), Avg.  27.2 ms, Total. 54.40 ms (0.3%)
[Performance] InitializeOnLoad PurchasingService                                                                             :        2 samples, Peak.  3.82 ms (1.0x), Avg.  3.69 ms, Total. 7.375 ms (0.0%)
[Performance] InitializeOnLoad CloudBuildPoller                                                                              :        2 samples, Peak.  62.7 us (1.1x), Avg.  58.0 us, Total. 116.0 us (0.0%)
[Performance] InitializeOnLoad EditorGameServicesAnalytics                                                                   :        2 samples, Peak.  1.42 ms (1.5x), Avg.   980 us, Total. 1.960 ms (0.0%)
[Performance] InitializeOnLoad AnalyticsService                                                                              :        2 samples, Peak.   107 us (1.1x), Avg.  98.1 us, Total. 196.1 us (0.0%)
[Performance] InitializeOnLoad BuildService                                                                                  :        2 samples, Peak.  65.2 us (1.0x), Avg.  63.9 us, Total. 127.9 us (0.0%)
[Performance] InitializeOnLoad AdsService                                                                                    :        2 samples, Peak.   188 us (1.0x), Avg.   180 us, Total. 360.7 us (0.0%)
[Performance] InitializeOnLoad UDPService                                                                                    :        2 samples, Peak.  67.1 us (1.0x), Avg.  65.4 us, Total. 130.8 us (0.0%)
[Performance] InitializeOnLoad CrashService                                                                                  :        2 samples, Peak.  63.8 us (1.0x), Avg.  62.3 us, Total. 124.5 us (0.0%)
[Performance] InitializeOnLoad ServicesRepository                                                                            :        2 samples, Peak.   400 ns (1.6x), Avg.   250 ns, Total. 500.0 ns (0.0%)
[Performance] InitializeOnLoad SearchWindow                                                                                  :        2 samples, Peak.  74.9 us (1.1x), Avg.  66.8 us, Total. 133.5 us (0.0%)
[Performance] InitializeOnLoad CustomIndexers                                                                                :        2 samples, Peak.  9.09 ms (1.0x), Avg.  9.01 ms, Total. 18.01 ms (0.1%)
[Performance] InitializeOnLoad SearchMonitor                                                                                 :        2 samples, Peak.   561 us (1.2x), Avg.   485 us, Total. 970.2 us (0.0%)
[Performance] InitializeOnLoad ParameterControllerEditor                                                                     :        2 samples, Peak.  14.1 us (1.1x), Avg.  13.4 us, Total. 26.80 us (0.0%)
[Performance] InitializeOnLoad LayerSettingsWindow                                                                           :        2 samples, Peak.  17.3 us (1.8x), Avg.  9.85 us, Total. 19.70 us (0.0%)
[Performance] InitializeOnLoad PackageManagerHookGUIDConverter.RegisterPackagesEventHandler                                  :        2 samples, Peak.   421 us (1.1x), Avg.   399 us, Total. 798.9 us (0.0%)
[Performance] InitializeOnLoad EditorDragAndDrop.RegisterEditorClient                                                        :        2 samples, Peak.   122 us (1.1x), Avg.   113 us, Total. 225.1 us (0.0%)
[Performance] InitializeOnLoad EditorEventCallbacks.InitializeFontAssetResourceChangeCallBacks                               :        2 samples, Peak.   589 us (1.0x), Avg.   586 us, Total. 1.173 ms (0.0%)
[Performance] InitializeOnLoad SceneTemplateService.Init                                                                     :        2 samples, Peak.   651 us (1.1x), Avg.   586 us, Total. 1.172 ms (0.0%)
[Performance] InitializeOnLoad DiagnosticSwitchesConsoleMessage.Init                                                         :        2 samples, Peak.  3.06 ms (1.7x), Avg.  1.81 ms, Total. 3.617 ms (0.0%)
[Performance] InitializeOnLoad MemoryProfilerCompilationGuard.InjectCompileGuard                                             :        2 samples, Peak.  84.6 us (1.0x), Avg.  83.8 us, Total. 167.6 us (0.0%)
[Performance] InitializeOnLoad EditorWindow.Initialize                                                                       :        2 samples, Peak.   121 us (1.1x), Avg.   111 us, Total. 222.1 us (0.0%)
[Performance] InitializeOnLoad AssetPostprocessingInternal.RefreshCustomDependencies                                         :        2 samples, Peak.  1.98 ms (1.1x), Avg.  1.73 ms, Total. 3.457 ms (0.0%)
[Performance] InitializeOnLoad SysrootManager.Initialize                                                                     :        2 samples, Peak.   265 us (1.0x), Avg.   259 us, Total. 517.9 us (0.0%)
[Performance] InitializeOnLoad PackageManagerWindow.EditorInitializedInSafeMode                                              :        2 samples, Peak.  11.3 ms (2.0x), Avg.  5.70 ms, Total. 11.40 ms (0.1%)
[Performance] InitializeOnLoad ToolShortcutContext.Init                                                                      :        2 samples, Peak.  63.0 us (1.1x), Avg.  59.4 us, Total. 118.8 us (0.0%)
[Performance] InitializeOnLoad SceneVisibilityManager.Initialize                                                             :        2 samples, Peak.  2.46 ms (1.7x), Avg.  1.46 ms, Total. 2.918 ms (0.0%)
[Performance] InitializeOnLoad ScopedRegistryAddedPopup.SubscribeToRegistriesAdded                                           :        2 samples, Peak.  4.00 ms (2.0x), Avg.  2.03 ms, Total. 4.050 ms (0.0%)
[Performance] AssemblyReloadEvents.afterAssemblyReload: UnityEditor.SceneTemplate.SceneTemplateService.AfterAssemblyReload   :        2 samples, Peak.  2.31 ms (1.9x), Avg.  1.23 ms, Total. 2.458 ms (0.0%)
[Performance] ProcessService.EditorAfterLoadAllAssemblies                                                                    :        2 samples, Peak.   185 us (1.2x), Avg.   160 us, Total. 321.0 us (0.0%)
[Performance] Application.ReadLicenseInfo                                                                                    :        1 samples, Peak.  12.6 ms (1.0x), Avg.  12.6 ms, Total. 12.61 ms (0.1%)
[Performance] Application.InitialRefresh                                                                                     :        1 samples, Peak.   648 ms (1.0x), Avg.   648 ms, Total. 648.4 ms (3.3%)
[Performance] Compiling Scripts                                                                                              :        1 samples, Peak.   301 ms (1.0x), Avg.   301 ms, Total. 301.2 ms (1.6%)
[Performance] AssemblyReloadEvents.beforeAssemblyReload: UnityEditor.SceneTemplate.SceneTemplateService.BeforeAssemblyReload :        1 samples, Peak.   294 us (1.0x), Avg.   294 us, Total. 293.5 us (0.0%)
[Performance] InitializeOnLoad AuraCardFrameFxLabStartup                                                                     :        1 samples, Peak.  87.9 us (1.0x), Avg.  87.9 us, Total. 87.90 us (0.0%)
[Performance] InitializeOnLoad PrefabLayoutRebuilder                                                                         :        1 samples, Peak.   121 us (1.0x), Avg.   121 us, Total. 120.7 us (0.0%)
[Performance] DidReloadScriptsAdvancedDropdownWindow.OnScriptReload                                                          :        1 samples, Peak.   134 us (1.0x), Avg.   134 us, Total. 134.2 us (0.0%)
[Performance] SyncVS.PostprocessSyncProject                                                                                  :        7 samples, Peak.   926 us (6.3x), Avg.   146 us, Total. 1.025 ms (0.0%)
[Performance] Application.ImportPackagesAndSetTemplateWhenCreatingProject                                                    :        1 samples, Peak.  7.20 ms (1.0x), Avg.  7.20 ms, Total. 7.199 ms (0.0%)
[Performance] Application.SyncCurrentColorSpace                                                                              :        1 samples, Peak.  2.53 ms (1.0x), Avg.  2.53 ms, Total. 2.534 ms (0.0%)
[Performance] Application.OnUsbDevicesChanged                                                                                :        1 samples, Peak.  16.6 ms (1.0x), Avg.  16.6 ms, Total. 16.64 ms (0.1%)
[Performance] Application.AssetInstanceCacheUpdate                                                                           :        1 samples, Peak.   400 ns (1.0x), Avg.   400 ns, Total. 400.0 ns (0.0%)
[Performance] Application.UnityExtensions.Initialize                                                                         :        1 samples, Peak.   527 us (1.0x), Avg.   527 us, Total. 526.7 us (0.0%)
[Performance] CodeEditorProjectSync.SyncEditorProject                                                                        :        1 samples, Peak.  72.6 us (1.0x), Avg.  72.6 us, Total. 72.60 us (0.0%)
[Performance] Application.ExecuteStartups                                                                                    :        1 samples, Peak.  22.0 ms (1.0x), Avg.  22.0 ms, Total. 22.03 ms (0.1%)
[Performance] Menu.RegisterMenuInterface                                                                                     :       26 samples, Peak.   800 ns (5.2x), Avg.   154 ns, Total. 4.000 us (0.0%)
[Performance] Gizmo.RebuildRenderers                                                                                         :        1 samples, Peak.  21.9 ms (1.0x), Avg.  21.9 ms, Total. 21.86 ms (0.1%)
[Performance] Gizmo.AddGizmoRenderers                                                                                        :       22 samples, Peak.  1.25 ms (15.9x), Avg.  78.4 us, Total. 1.725 ms (0.0%)
[Performance] Application.editorInitializingProject                                                                          :        1 samples, Peak.  73.2 ms (1.0x), Avg.  73.2 ms, Total. 73.21 ms (0.4%)
[Performance] Application.InitializeMenu                                                                                     :        1 samples, Peak.  23.9 ms (1.0x), Avg.  23.9 ms, Total. 23.89 ms (0.1%)
[Performance] Menu.RebuildAll                                                                                                :        1 samples, Peak.  23.9 ms (1.0x), Avg.  23.9 ms, Total. 23.89 ms (0.1%)
[Performance] Menu.BuildRegisteredMenuInterfaces                                                                             :        1 samples, Peak.  22.8 ms (1.0x), Avg.  22.8 ms, Total. 22.80 ms (0.1%)
[Performance] Menu.FilterMenuItem                                                                                            :      494 samples, Peak.  9.84 ms (490.3x), Avg.  20.1 us, Total. 9.912 ms (0.1%)
[Performance] UpdateAllMenus                                                                                                 :        1 samples, Peak.   283 us (1.0x), Avg.   283 us, Total. 283.5 us (0.0%)
[Performance] Menu.RebuildOSMainMenu                                                                                         :        1 samples, Peak.   695 us (1.0x), Avg.   695 us, Total. 695.4 us (0.0%)
[Performance] EditorSceneManager.sceneClosing: UnityEditor.SceneVisibilityManager.EditorSceneManagerOnSceneClosing           :        2 samples, Peak.   148 us (1.9x), Avg.  76.1 us, Total. 152.3 us (0.0%)
[Performance] GUIView.RepaintAll.PlayerLoopController                                                                        :        2 samples, Peak.  1.20 us (1.3x), Avg.   950 ns, Total. 1.900 us (0.0%)
[Performance] EditorSceneManager.newSceneCreated: UnityEditor.SceneTemplate.SceneTemplateService.OnNewSceneCreated           :        2 samples, Peak.   149 us (2.0x), Avg.  75.2 us, Total. 150.3 us (0.0%)
[Performance] EditorSceneManager.newSceneCreated: UnityEditor.SceneVisibilityManager.EditorSceneManagerOnNewSceneCreated     :        2 samples, Peak.  96.9 us (1.9x), Avg.  50.2 us, Total. 100.3 us (0.0%)
[Performance] EditorSceneManager.newSceneCreated: UnityEditor.SceneManagement.StageNavigationManager.OnNewSceneCreated       :        2 samples, Peak.  32.3 us (2.0x), Avg.  16.5 us, Total. 33.00 us (0.0%)
[Performance] Application.InvokeFinishedLoadingProject                                                                       :        1 samples, Peak.   610 us (1.0x), Avg.   610 us, Total. 610.0 us (0.0%)
[Performance] ProcessService.OnProjectLoaded                                                                                 :        1 samples, Peak.  29.2 us (1.0x), Avg.  29.2 us, Total. 29.20 us (0.0%)
[Performance] VersionControl.Task.Wait                                                                                       :        1 samples, Peak.  4.90 us (1.0x), Avg.  4.90 us, Total. 4.900 us (0.0%)
[Performance] AssetDatabase.ImportAsset                                                                                      :        5 samples, Peak.  30.6 ms (3.0x), Avg.  10.3 ms, Total. 51.27 ms (0.3%)
[Performance] PresetManagerPostProcessor.OnPreprocessAsset                                                                   :        6 samples, Peak.   213 us (5.2x), Avg.  40.9 us, Total. 245.1 us (0.0%)
[Performance] CancelSplashScreenOnAssetChange.OnPreprocessAsset                                                              :        6 samples, Peak.  82.2 us (5.5x), Avg.  15.0 us, Total. 89.80 us (0.0%)
[Performance] TextureImporter.Import                                                                                         :        4 samples, Peak.  4.45 ms (1.9x), Avg.  2.33 ms, Total. 9.334 ms (0.0%)
[Performance] AssetDatabase.ImportAssets                                                                                     :       12 samples, Peak.  16.8 ms (12.0x), Avg.  1.40 ms, Total. 16.85 ms (0.1%)
[Performance] BuilderAssetPostprocessor.OnPostprocessAllAssets                                                               :       12 samples, Peak.  1.86 ms (5.9x), Avg.   315 us, Total. 3.783 ms (0.0%)
[Performance] ArtifactBrowserPostProcessor.OnPostprocessAllAssets                                                            :       12 samples, Peak.   269 us (5.9x), Avg.  45.9 us, Total. 550.7 us (0.0%)
[Performance] AssetEvents.OnPostprocessAllAssets                                                                             :       24 samples, Peak.  99.3 us (8.2x), Avg.  12.1 us, Total. 290.0 us (0.0%)
[Performance] AudioMixerPostprocessor.OnPostprocessAllAssets                                                                 :       12 samples, Peak.   149 us (5.8x), Avg.  25.8 us, Total. 309.6 us (0.0%)
[Performance] StyleCatalogPostProcessor.OnPostprocessAllAssets                                                               :       12 samples, Peak.  8.52 ms (6.0x), Avg.  1.42 ms, Total. 17.10 ms (0.1%)
[Performance] BuildCatalog                                                                                                   :        1 samples, Peak.  7.89 ms (1.0x), Avg.  7.89 ms, Total. 7.893 ms (0.0%)
[Performance] ModelImporterPostProcessor.OnPostprocessAllAssets                                                              :       12 samples, Peak.   971 us (3.7x), Avg.   260 us, Total. 3.118 ms (0.0%)
[Performance] RetainedModeAssetPostprocessor.OnPostprocessAllAssets                                                          :       12 samples, Peak.  1.60 ms (5.9x), Avg.   272 us, Total. 3.262 ms (0.0%)
[Performance] AssetChangedListener.OnPostprocessAllAssets                                                                    :       12 samples, Peak.  1.04 ms (4.9x), Avg.   213 us, Total. 2.562 ms (0.0%)
[Performance] SpeedTreePostProcessor.OnPostprocessAllAssets                                                                  :       12 samples, Peak.   119 us (5.0x), Avg.  23.9 us, Total. 286.5 us (0.0%)
[Performance] TextAssetPostProcessor.OnPostprocessAllAssets                                                                  :       12 samples, Peak.  1.22 ms (5.9x), Avg.   207 us, Total. 2.485 ms (0.0%)
[Performance] AssetDatabase.Refresh                                                                                          :        2 samples, Peak.  16.8 ms (1.9x), Avg.  8.72 ms, Total. 17.43 ms (0.1%)
[Performance] SceneDataContainer.TransformHierarchyChangedSetParentCallback                                                  :       18 samples, Peak.  7.10 us (9.3x), Avg.   767 ns, Total. 13.80 us (0.0%)
[Performance] SceneVisibilityState.IsFlagSetInParents                                                                        :       30 samples, Peak.   500 ns (3.6x), Avg.   140 ns, Total. 4.200 us (0.0%)
[Performance] BuilderAssetModificationProcessor.OnWillSaveAssets                                                             :        3 samples, Peak.   198 us (2.8x), Avg.  69.9 us, Total. 209.6 us (0.0%)
[Performance] TerrainModificationProcessor.OnWillSaveAssets                                                                  :        3 samples, Peak.   301 us (3.0x), Avg.   101 us, Total. 302.4 us (0.0%)
[Performance] Inspector.InitOrRebuild                                                                                        :        1 samples, Peak.  9.30 ms (1.0x), Avg.  9.30 ms, Total. 9.304 ms (0.0%)
[Performance] Selection.selectionChanged: UnityEditor.PackageManager.UI.Internal.SelectionProxy.OnSelectionChanged           :        1 samples, Peak.   311 us (1.0x), Avg.   311 us, Total. 310.7 us (0.0%)
[Performance] Selection.selectionChanged: UnityEditorInternal.EditMode.OnSelectionChange                                     :        1 samples, Peak.   142 us (1.0x), Avg.   142 us, Total. 142.5 us (0.0%)
[Performance] EditorSceneManager.sceneSaving: UnityEditor.SceneTemplate.SceneTemplateService.OnSceneSaving                   :        1 samples, Peak.   122 us (1.0x), Avg.   122 us, Total. 122.0 us (0.0%)
[Performance] EditorSceneManager.sceneSaving: UnityEditor.SceneVisibilityManager.EditorSceneManagerOnSceneSaving             :        1 samples, Peak.  51.8 us (1.0x), Avg.  51.8 us, Total. 51.80 us (0.0%)
[Performance] BuilderAssetModificationProcessor.OnWillCreateAsset                                                            :        1 samples, Peak.   140 us (1.0x), Avg.   140 us, Total. 140.3 us (0.0%)
[Performance] ShaderImporter.SourceAssetModified                                                                             :        1 samples, Peak.   300 ns (1.0x), Avg.   300 ns, Total. 300.0 ns (0.0%)
[Performance] ShaderIncludeImporter.SourceAssetModified                                                                      :        1 samples, Peak.   700 ns (1.0x), Avg.   700 ns, Total. 700.0 ns (0.0%)
[Performance] EditorSceneManager.sceneSaved: UnityEditor.SceneTemplate.SceneTemplateService.OnSceneSaved                     :        1 samples, Peak.  5.19 ms (1.0x), Avg.  5.19 ms, Total. 5.193 ms (0.0%)
[Performance] EditorSceneManager.sceneSaved: UnityEditor.SceneVisibilityManager.EditorSceneManagerOnSceneSaved               :        1 samples, Peak.  64.4 us (1.0x), Avg.  64.4 us, Total. 64.40 us (0.0%)
[Performance] EditorApplication.quitting: callback in UnityEditor.TextCore.Text.EditorEventCallbacks                         :        1 samples, Peak.  2.19 ms (1.0x), Avg.  2.19 ms, Total. 2.186 ms (0.0%)
[Performance] Application.Shutdown.PauseProfilerSession                                                                      :        1 samples, Peak.  25.8 us (1.0x), Avg.  25.8 us, Total. 25.80 us (0.0%)
[Performance] Application.Shutdown.PauseAssetImportWorkers                                                                   :        1 samples, Peak.  92.5 us (1.0x), Avg.  92.5 us, Total. 92.50 us (0.0%)
[Performance] Application.Shutdown.SaveAssets                                                                                :        1 samples, Peak.   910 us (1.0x), Avg.   910 us, Total. 910.0 us (0.0%)
[Performance] Application.Shutdown.CleanupRenderPipeline                                                                     :        1 samples, Peak.  2.50 us (1.0x), Avg.  2.50 us, Total. 2.500 us (0.0%)
[Performance] Application.Shutdown.StopPreloadManager                                                                        :        1 samples, Peak.  9.75 ms (1.0x), Avg.  9.75 ms, Total. 9.750 ms (0.1%)
[Performance] Application.Shutdown.DestroyWorld                                                                              :        1 samples, Peak.  3.08 ms (1.0x), Avg.  3.08 ms, Total. 3.076 ms (0.0%)
[Performance] Application.Shutdown.CleanupAfterLoad                                                                          :        1 samples, Peak.  1.74 ms (1.0x), Avg.  1.74 ms, Total. 1.745 ms (0.0%)
[Performance] Application.Shutdown.Progress                                                                                  :        1 samples, Peak.  4.90 us (1.0x), Avg.  4.90 us, Total. 4.900 us (0.0%)
[Performance] Application.Shutdown.GICleanupManagers                                                                         :        1 samples, Peak.   587 us (1.0x), Avg.   587 us, Total. 587.0 us (0.0%)
[Performance] Application.Shutdown.MenuCleanupClass                                                                          :        1 samples, Peak.   130 us (1.0x), Avg.   130 us, Total. 129.8 us (0.0%)
[Performance] Application.Shutdown.ADBSaveStateBeforeShutdown                                                                :        1 samples, Peak.  7.10 us (1.0x), Avg.  7.10 us, Total. 7.100 us (0.0%)
[Performance] Application.Shutdown.RemoteShutdown                                                                            :        1 samples, Peak.  1.00 us (1.0x), Avg.  1.00 us, Total. 1.000 us (0.0%)
[Performance] Application.Shutdown.CleanupVCProvider                                                                         :        1 samples, Peak.  8.10 us (1.0x), Avg.  8.10 us, Total. 8.100 us (0.0%)
[Performance] Application.Shutdown.InputShutdown                                                                             :        1 samples, Peak.   500 ns (1.0x), Avg.   500 ns, Total. 500.0 ns (0.0%)
[Performance] Application.Shutdown.GizmoManagerDestroy                                                                       :        1 samples, Peak.   558 us (1.0x), Avg.   558 us, Total. 558.4 us (0.0%)
[Performance] Application.Shutdown.ProfilerSession                                                                           :        1 samples, Peak.   118 us (1.0x), Avg.   118 us, Total. 117.8 us (0.0%)
[Performance] Application.Shutdown.ReleaseGfxWindowOnAllGUIViews                                                             :        1 samples, Peak.   300 ns (1.0x), Avg.   300 ns, Total. 300.0 ns (0.0%)
[Performance] Application.Shutdown.CleanupEngine                                                                             :        1 samples, Peak.  84.0 ms (1.0x), Avg.  84.0 ms, Total. 83.96 ms (0.4%)
[Performance] Application.Shutdown.CleanupAssetDatabase                                                                      :        1 samples, Peak.  1.74 ms (1.0x), Avg.  1.74 ms, Total. 1.739 ms (0.0%)
[Performance] Application.Shutdown.ScriptCompilationCleanUp                                                                  :        1 samples, Peak.  10.8 ms (1.0x), Avg.  10.8 ms, Total. 10.78 ms (0.1%)
[Performance] Application.Shutdown.DestroyJobSystem                                                                          :        1 samples, Peak.  75.4 us (1.0x), Avg.  75.4 us, Total. 75.40 us (0.0%)
[Performance] Application.Shutdown.CleanupPersistentManager                                                                  :        1 samples, Peak.   279 us (1.0x), Avg.   279 us, Total. 278.7 us (0.0%)
[Performance] Application.Shutdown.CleanupAsyncReadManager                                                                   :        1 samples, Peak.   509 us (1.0x), Avg.   509 us, Total. 508.9 us (0.0%)
[Performance] Application.Shutdown.CleanupProgressBar                                                                        :        1 samples, Peak.   300 ns (1.0x), Avg.   300 ns, Total. 300.0 ns (0.0%)
[Performance] Application.Shutdown.CleanupMono                                                                               :        1 samples, Peak.  32.8 ms (1.0x), Avg.  32.8 ms, Total. 32.83 ms (0.2%)
[Performance] Application.Shutdown.CleanupStdConverters                                                                      :        1 samples, Peak.  10.3 us (1.0x), Avg.  10.3 us, Total. 10.30 us (0.0%)
[Performance] Application.Shutdown.UnloadAllPlatformSupportModuleNativeDlls                                                  :        1 samples, Peak.  1000 ns (1.0x), Avg.  1000 ns, Total. 1000.0 ns (0.0%)
[Performance] Application.Shutdown.UnloadAllPlatformSupportNativeLibraries                                                   :        1 samples, Peak.   100 ns (1.0x), Avg.   100 ns, Total. 100.0 ns (0.0%)
[Performance] Application.Shutdown.CleanupAutoDocumentation                                                                  :        1 samples, Peak.   356 us (1.0x), Avg.   356 us, Total. 356.5 us (0.0%)
[Performance] Application.Shutdown.ShaderNameManagerDestroy                                                                  :        1 samples, Peak.  59.2 us (1.0x), Avg.  59.2 us, Total. 59.20 us (0.0%)
[Performance] Application.Shutdown.CleanupCacheServer                                                                        :        1 samples, Peak. 0.0 (-nan(ind)x), Avg. 0.0, Total. 0.0 (0.0%)
[Performance] Application.Shutdown.Virtualization_Shutdown                                                                   :        1 samples, Peak.   400 ns (1.0x), Avg.   400 ns, Total. 400.0 ns (0.0%)
[Performance] Application.Shutdown.DevConnections                                                                            :        1 samples, Peak.   188 us (1.0x), Avg.   188 us, Total. 188.1 us (0.0%)
Exiting batchmode successfully now!
Exiting without the bug reporter. Application will terminate with return code 0