[Licensing::Module] Trying to connect to existing licensing client channel...
[Licensing::IpcConnector] Channel LicenseClient-Administrator doesn't exist
[Licensing::Module] Successfully launched the LicensingClient (PId: 6424)
[Licensing::IpcConnector] Successfully connected to: "LicenseClient-Administrator" at "2026-07-02T04:26:11.3757544Z"
[Licensing::Client] Code 10 while verifying Licensing Client signature (process Id: 6424, path: "D:/UnityFile/2022.3.62f3c1/Editor/Data/Resources/Licensing/Client/Unity.Licensing.Client.exe")
[Licensing::Module] LicensingClient has failed validation; ignoring
[Licensing::Client] Handshaking with LicensingClient:
  Version:                 1.16.2+bdef8f5
  Session Id:              ce2ea8e2b8a443d190aba9a8968b2642
  Correlation Id:          bb21621399b7f60b2e499dadce07d9c3
  External correlation Id: 9128555426081817131
  Machine Id:              g+6V6afw2YIrGlsl7FZ430wPoSI=
[Licensing::Module] Successfully connected to LicensingClient on channel: "LicenseClient-Administrator" (connect: 0.56s, validation: 0.04s, handshake: 0.02s)
[Licensing::IpcConnector] Successfully connected to: "LicenseClient-Administrator-notifications" at "2026-07-02T04:26:11.4352998Z"
[Licensing::Module] Connected to LicensingClient (PId: 6424, launch time: 0.00, total connection time: 0.62s)
[Licensing::Module] Error: Access token is unavailable; failed to update
[Licensing::Client] Successfully updated license
Built from '2022.3/china_unity/release' branch; Version is '2022.3.62f3c1 (1623fc0bbb97) revision 1451004'; Using compiler version '192829333'; Build Type 'Release'
OS: 'Windows 11  (10.0.26200) 64bit Professional' Language: 'zh' Physical Memory: 31898 MB
[Licensing::Client] Successfully resolved entitlement details
[Licensing::Module] Serial number assigned to: "F4-54ZC-YTHZ-PJX4-4S32-XXXX"
BatchMode: 1, IsHumanControllingUs: 0, StartBugReporterOnCrash: 0, Is64bit: 1, IsPro: 0
[Licensing::Client] Successfully resolved entitlement details

COMMAND LINE ARGUMENTS:
D:\UnityFile\2022.3.62f3c1\Editor\Unity.exe
-batchmode
-quit
-nographics
-projectPath
D:\Project\Apocalypic-journey-mods-creator\ModExp\AuraCardFrameFxLab
-executeMethod
AuraCardFrameFxLabEditor.AuraCardFrameFxLabSceneBuilder.Build
-logFile
D:\Project\Apocalypic-journey-mods-creator\ModExp\tmp\AuraCardFrameFxLab-build-3.log
Successfully changed project path to: D:\Project\Apocalypic-journey-mods-creator\ModExp\AuraCardFrameFxLab
D:/Project/Apocalypic-journey-mods-creator/ModExp/AuraCardFrameFxLab
[UnityMemory] Configuration Parameters - Can be set up in boot.config
    "memorysetup-bucket-allocator-granularity=16"
    "memorysetup-bucket-allocator-bucket-count=8"
    "memorysetup-bucket-allocator-block-size=33554432"
    "memorysetup-bucket-allocator-block-count=8"
    "memorysetup-main-allocator-block-size=16777216"
    "memorysetup-thread-allocator-block-size=16777216"
    "memorysetup-gfx-main-allocator-block-size=16777216"
    "memorysetup-gfx-thread-allocator-block-size=16777216"
    "memorysetup-cache-allocator-block-size=4194304"
    "memorysetup-typetree-allocator-block-size=2097152"
    "memorysetup-profiler-bucket-allocator-granularity=16"
    "memorysetup-profiler-bucket-allocator-bucket-count=8"
    "memorysetup-profiler-bucket-allocator-block-size=33554432"
    "memorysetup-profiler-bucket-allocator-block-count=8"
    "memorysetup-profiler-allocator-block-size=16777216"
    "memorysetup-profiler-editor-allocator-block-size=1048576"
    "memorysetup-temp-allocator-size-main=16777216"
    "memorysetup-job-temp-allocator-block-size=2097152"
    "memorysetup-job-temp-allocator-block-size-background=1048576"
    "memorysetup-job-temp-allocator-reduction-small-platforms=262144"
    "memorysetup-allocator-temp-initial-block-size-main=262144"
    "memorysetup-allocator-temp-initial-block-size-worker=262144"
    "memorysetup-temp-allocator-size-background-worker=32768"
    "memorysetup-temp-allocator-size-job-worker=262144"
    "memorysetup-temp-allocator-size-preload-manager=33554432"
    "memorysetup-temp-allocator-size-nav-mesh-worker=65536"
    "memorysetup-temp-allocator-size-audio-worker=65536"
    "memorysetup-temp-allocator-size-cloud-worker=32768"
    "memorysetup-temp-allocator-size-gi-baking-worker=262144"
    "memorysetup-temp-allocator-size-gfx=262144"
Player connection [23700]  Target information:

Player connection [23700]  * "[IP] 192.168.3.35 [Port] 55504 [Flags] 2 [Guid] 4147569018 [EditorId] 4147569018 [Version] 1048832 [Id] WindowsEditor(7,DESKTOP-EAPFP7V) [Debug] 1 [PackageName] WindowsEditor [ProjectName] Editor" 

Player connection [23700]  * "[IP] 172.28.32.1 [Port] 55504 [Flags] 2 [Guid] 4147569018 [EditorId] 4147569018 [Version] 1048832 [Id] WindowsEditor(7,DESKTOP-EAPFP7V) [Debug] 1 [PackageName] WindowsEditor [ProjectName] Editor" 

Player connection [23700]  * "[IP] 198.16.0.2 [Port] 55504 [Flags] 2 [Guid] 4147569018 [EditorId] 4147569018 [Version] 1048832 [Id] WindowsEditor(7,DESKTOP-EAPFP7V) [Debug] 1 [PackageName] WindowsEditor [ProjectName] Editor" 

Player connection [23700] Host joined multi-casting on [225.0.0.222:54997]...
Player connection [23700] Host joined alternative multi-casting on [225.0.0.222:34997]...
Input System module state changed to: Initialized.
[PhysX] Initialized MultithreadedTaskDispatcher with 32 workers.
[Package Manager] UpmClient::Connect -- Connected to IPC stream "Upm-3844" after 0.2 seconds.
[Package Manager] Restoring resolved packages state from cache
[Licensing::Client] Successfully resolved entitlement details
[Package Manager] Registered 33 packages:
  Built-in packages:
    com.unity.ugui@1.0.0 (location: D:\Project\Apocalypic-journey-mods-creator\ModExp\AuraCardFrameFxLab\Library\PackageCache\com.unity.ugui@1.0.0)
    com.unity.modules.ai@1.0.0 (location: D:\Project\Apocalypic-journey-mods-creator\ModExp\AuraCardFrameFxLab\Library\PackageCache\com.unity.modules.ai@1.0.0)
    com.unity.modules.androidjni@1.0.0 (location: D:\Project\Apocalypic-journey-mods-creator\ModExp\AuraCardFrameFxLab\Library\PackageCache\com.unity.modules.androidjni@1.0.0)
    com.unity.modules.animation@1.0.0 (location: D:\Project\Apocalypic-journey-mods-creator\ModExp\AuraCardFrameFxLab\Library\PackageCache\com.unity.modules.animation@1.0.0)
    com.unity.modules.assetbundle@1.0.0 (location: D:\Project\Apocalypic-journey-mods-creator\ModExp\AuraCardFrameFxLab\Library\PackageCache\com.unity.modules.assetbundle@1.0.0)
    com.unity.modules.audio@1.0.0 (location: D:\Project\Apocalypic-journey-mods-creator\ModExp\AuraCardFrameFxLab\Library\PackageCache\com.unity.modules.audio@1.0.0)
    com.unity.modules.cloth@1.0.0 (location: D:\Project\Apocalypic-journey-mods-creator\ModExp\AuraCardFrameFxLab\Library\PackageCache\com.unity.modules.cloth@1.0.0)
    com.unity.modules.director@1.0.0 (location: D:\Project\Apocalypic-journey-mods-creator\ModExp\AuraCardFrameFxLab\Library\PackageCache\com.unity.modules.director@1.0.0)
    com.unity.modules.imageconversion@1.0.0 (location: D:\Project\Apocalypic-journey-mods-creator\ModExp\AuraCardFrameFxLab\Library\PackageCache\com.unity.modules.imageconversion@1.0.0)
    com.unity.modules.imgui@1.0.0 (location: D:\Project\Apocalypic-journey-mods-creator\ModExp\AuraCardFrameFxLab\Library\PackageCache\com.unity.modules.imgui@1.0.0)
    com.unity.modules.jsonserialize@1.0.0 (location: D:\Project\Apocalypic-journey-mods-creator\ModExp\AuraCardFrameFxLab\Library\PackageCache\com.unity.modules.jsonserialize@1.0.0)
    com.unity.modules.particlesystem@1.0.0 (location: D:\Project\Apocalypic-journey-mods-creator\ModExp\AuraCardFrameFxLab\Library\PackageCache\com.unity.modules.particlesystem@1.0.0)
    com.unity.modules.physics@1.0.0 (location: D:\Project\Apocalypic-journey-mods-creator\ModExp\AuraCardFrameFxLab\Library\PackageCache\com.unity.modules.physics@1.0.0)
    com.unity.modules.physics2d@1.0.0 (location: D:\Project\Apocalypic-journey-mods-creator\ModExp\AuraCardFrameFxLab\Library\PackageCache\com.unity.modules.physics2d@1.0.0)
    com.unity.modules.screencapture@1.0.0 (location: D:\Project\Apocalypic-journey-mods-creator\ModExp\AuraCardFrameFxLab\Library\PackageCache\com.unity.modules.screencapture@1.0.0)
    com.unity.modules.terrain@1.0.0 (location: D:\Project\Apocalypic-journey-mods-creator\ModExp\AuraCardFrameFxLab\Library\PackageCache\com.unity.modules.terrain@1.0.0)
    com.unity.modules.terrainphysics@1.0.0 (location: D:\Project\Apocalypic-journey-mods-creator\ModExp\AuraCardFrameFxLab\Library\PackageCache\com.unity.modules.terrainphysics@1.0.0)
    com.unity.modules.tilemap@1.0.0 (location: D:\Project\Apocalypic-journey-mods-creator\ModExp\AuraCardFrameFxLab\Library\PackageCache\com.unity.modules.tilemap@1.0.0)
    com.unity.modules.ui@1.0.0 (location: D:\Project\Apocalypic-journey-mods-creator\ModExp\AuraCardFrameFxLab\Library\PackageCache\com.unity.modules.ui@1.0.0)
    com.unity.modules.uielements@1.0.0 (location: D:\Project\Apocalypic-journey-mods-creator\ModExp\AuraCardFrameFxLab\Library\PackageCache\com.unity.modules.uielements@1.0.0)
    com.unity.modules.umbra@1.0.0 (location: D:\Project\Apocalypic-journey-mods-creator\ModExp\AuraCardFrameFxLab\Library\PackageCache\com.unity.modules.umbra@1.0.0)
    com.unity.modules.unityanalytics@1.0.0 (location: D:\Project\Apocalypic-journey-mods-creator\ModExp\AuraCardFrameFxLab\Library\PackageCache\com.unity.modules.unityanalytics@1.0.0)
    com.unity.modules.unitywebrequest@1.0.0 (location: D:\Project\Apocalypic-journey-mods-creator\ModExp\AuraCardFrameFxLab\Library\PackageCache\com.unity.modules.unitywebrequest@1.0.0)
    com.unity.modules.unitywebrequestassetbundle@1.0.0 (location: D:\Project\Apocalypic-journey-mods-creator\ModExp\AuraCardFrameFxLab\Library\PackageCache\com.unity.modules.unitywebrequestassetbundle@1.0.0)
    com.unity.modules.unitywebrequestaudio@1.0.0 (location: D:\Project\Apocalypic-journey-mods-creator\ModExp\AuraCardFrameFxLab\Library\PackageCache\com.unity.modules.unitywebrequestaudio@1.0.0)
    com.unity.modules.unitywebrequesttexture@1.0.0 (location: D:\Project\Apocalypic-journey-mods-creator\ModExp\AuraCardFrameFxLab\Library\PackageCache\com.unity.modules.unitywebrequesttexture@1.0.0)
    com.unity.modules.unitywebrequestwww@1.0.0 (location: D:\Project\Apocalypic-journey-mods-creator\ModExp\AuraCardFrameFxLab\Library\PackageCache\com.unity.modules.unitywebrequestwww@1.0.0)
    com.unity.modules.vehicles@1.0.0 (location: D:\Project\Apocalypic-journey-mods-creator\ModExp\AuraCardFrameFxLab\Library\PackageCache\com.unity.modules.vehicles@1.0.0)
    com.unity.modules.video@1.0.0 (location: D:\Project\Apocalypic-journey-mods-creator\ModExp\AuraCardFrameFxLab\Library\PackageCache\com.unity.modules.video@1.0.0)
    com.unity.modules.vr@1.0.0 (location: D:\Project\Apocalypic-journey-mods-creator\ModExp\AuraCardFrameFxLab\Library\PackageCache\com.unity.modules.vr@1.0.0)
    com.unity.modules.wind@1.0.0 (location: D:\Project\Apocalypic-journey-mods-creator\ModExp\AuraCardFrameFxLab\Library\PackageCache\com.unity.modules.wind@1.0.0)
    com.unity.modules.xr@1.0.0 (location: D:\Project\Apocalypic-journey-mods-creator\ModExp\AuraCardFrameFxLab\Library\PackageCache\com.unity.modules.xr@1.0.0)
    com.unity.modules.subsystems@1.0.0 (location: D:\Project\Apocalypic-journey-mods-creator\ModExp\AuraCardFrameFxLab\Library\PackageCache\com.unity.modules.subsystems@1.0.0)
[Subsystems] No new subsystems found in resolved package list.
Package Manager log level set to [2]
[Package Manager] Done registering packages in 0.04 seconds
Refreshing native plugins compatible for Editor in 0.00 ms, found 0 plugins.
Preloading 0 native plugins for Editor in 0.00 ms.
Initialize engine version: 2022.3.62f3c1 (1623fc0bbb97)
[Subsystems] Discovering subsystems at path D:/UnityFile/2022.3.62f3c1/Editor/Data/Resources/UnitySubsystems
[Subsystems] Discovering subsystems at path D:/Project/Apocalypic-journey-mods-creator/ModExp/AuraCardFrameFxLab/Assets
Forcing GfxDevice: Null
GfxDevice: creating device client; threaded=0; jobified=0
NullGfxDevice:
    Version:  NULL 1.0 [1.0]
    Renderer: Null Device
    Vendor:   Unity Technologies
[Licensing::Client] Successfully resolved entitlement details
Initialize mono
Mono path[0] = 'D:/UnityFile/2022.3.62f3c1/Editor/Data/Managed'
Mono path[1] = 'D:/UnityFile/2022.3.62f3c1/Editor/Data/MonoBleedingEdge/lib/mono/unityjit-win32'
Mono config path = 'D:/UnityFile/2022.3.62f3c1/Editor/Data/MonoBleedingEdge/etc'
Using monoOptions --debugger-agent=transport=dt_socket,embedding=1,server=y,suspend=n,address=127.0.0.1:56844
Using cacheserver namespaces - metadata:defaultmetadata, artifacts:defaultartifacts
Using cacheserver namespaces - metadata:defaultmetadata, artifacts:defaultartifacts
ImportWorker Server TCP listen port: 0
Begin MonoManager ReloadAssembly
Registering precompiled unity dll's ...
Register platform support module: D:/UnityFile/2022.3.62f3c1/Editor/Data/PlaybackEngines/WindowsStandaloneSupport/UnityEditor.WindowsStandalone.Extensions.dll
Registered in 0.001505 seconds.
- Loaded All Assemblies, in  0.158 seconds
Native extension for WindowsStandalone target not found
Mono: successfully reloaded assembly
- Finished resetting the current domain, in  0.133 seconds
Domain Reload Profiling: 291ms
	BeginReloadAssembly (45ms)
		ExecutionOrderSort (0ms)
		DisableScriptedObjects (0ms)
		BackupInstance (0ms)
		ReleaseScriptingObjects (0ms)
		CreateAndSetChildDomain (1ms)
	RebuildCommonClasses (17ms)
	RebuildNativeTypeToScriptingClass (5ms)
	initialDomainReloadingComplete (23ms)
	LoadAllAssembliesAndSetupDomain (67ms)
		LoadAssemblies (45ms)
		RebuildTransferFunctionScriptingTraits (0ms)
		AnalyzeDomain (66ms)
			TypeCache.Refresh (65ms)
				TypeCache.ScanAssembly (58ms)
			ScanForSourceGeneratedMonoScriptInfo (0ms)
			ResolveRequiredComponents (0ms)
	FinalizeReload (134ms)
		ReleaseScriptCaches (0ms)
		RebuildScriptCaches (0ms)
		SetupLoadedEditorAssemblies (109ms)
			LogAssemblyErrors (0ms)
			InitializePlatformSupportModulesInManaged (5ms)
			SetLoadedEditorAssemblies (5ms)
			RefreshPlugins (0ms)
			BeforeProcessingInitializeOnLoad (1ms)
			ProcessInitializeOnLoadAttributes (73ms)
			ProcessInitializeOnLoadMethodAttributes (25ms)
			AfterProcessingInitializeOnLoad (0ms)
			EditorAssembliesLoaded (0ms)
		ExecutionOrderSort2 (0ms)
		AwakeInstancesAfterBackupRestoration (0ms)
[Licensing::Client] Successfully resolved entitlement details
Application.AssetDatabase Initial Refresh Start
info: Microsoft.Hosting.Lifetime[14]
      Now listening on: http://localhost:80
info: Microsoft.Hosting.Lifetime[0]
      Application started. Press Ctrl+C to shut down.
info: Microsoft.Hosting.Lifetime[0]
      Hosting environment: Production
info: Microsoft.Hosting.Lifetime[0]
      Content root path: D:\Project\Apocalypic-journey-mods-creator\ModExp\AuraCardFrameFxLab\
info: Microsoft.AspNetCore.Hosting.Diagnostics[1]
      Request starting HTTP/2 POST http://ilpp/UnityILPP.PostProcessing/Ping application/grpc -
info: Microsoft.AspNetCore.Routing.EndpointMiddleware[0]
      Executing endpoint 'gRPC - /UnityILPP.PostProcessing/Ping'
info: Microsoft.AspNetCore.Routing.EndpointMiddleware[1]
      Executed endpoint 'gRPC - /UnityILPP.PostProcessing/Ping'
info: Microsoft.AspNetCore.Hosting.Diagnostics[2]
      Request finished HTTP/2 POST http://ilpp/UnityILPP.PostProcessing/Ping application/grpc - - 200 - application/grpc 24.4037ms
Starting: D:\UnityFile\2022.3.62f3c1\Editor\Data\bee_backend.exe --ipc --defer-dag-verification --dagfile="Library/Bee/1900b0aE.dag" --continue-on-failure --profile="Library/Bee/backend1.traceevents" ScriptAssemblies
WorkingDir: D:/Project/Apocalypic-journey-mods-creator/ModExp/AuraCardFrameFxLab
DisplayProgressbar: Compiling Scripts
ExitCode: 0 Duration: 0s41ms
*** Tundra build success (0.02 seconds), 0 items updated, 121 evaluated
AssetDatabase: script compilation time: 0.293931s
Begin MonoManager ReloadAssembly
Total cache size 90990804
Total cache size after purge 90990804
- Loaded All Assemblies, in  0.116 seconds
Refreshing native plugins compatible for Editor in 0.00 ms, found 0 plugins.
Preloading 0 native plugins for Editor in 0.00 ms.
Refreshing native plugins compatible for Editor in 0.00 ms, found 0 plugins.
Native extension for WindowsStandalone target not found
Mono: successfully reloaded assembly
- Finished resetting the current domain, in  0.159 seconds
Domain Reload Profiling: 275ms
	BeginReloadAssembly (74ms)
		ExecutionOrderSort (0ms)
		DisableScriptedObjects (2ms)
		BackupInstance (0ms)
		ReleaseScriptingObjects (0ms)
		CreateAndSetChildDomain (19ms)
	RebuildCommonClasses (18ms)
	RebuildNativeTypeToScriptingClass (5ms)
	initialDomainReloadingComplete (11ms)
	LoadAllAssembliesAndSetupDomain (8ms)
		LoadAssemblies (38ms)
		RebuildTransferFunctionScriptingTraits (0ms)
		AnalyzeDomain (6ms)
			TypeCache.Refresh (4ms)
				TypeCache.ScanAssembly (1ms)
			ScanForSourceGeneratedMonoScriptInfo (1ms)
			ResolveRequiredComponents (1ms)
	FinalizeReload (159ms)
		ReleaseScriptCaches (0ms)
		RebuildScriptCaches (0ms)
		SetupLoadedEditorAssemblies (100ms)
			LogAssemblyErrors (0ms)
			InitializePlatformSupportModulesInManaged (2ms)
			SetLoadedEditorAssemblies (3ms)
			RefreshPlugins (0ms)
			BeforeProcessingInitializeOnLoad (17ms)
			ProcessInitializeOnLoadAttributes (67ms)
			ProcessInitializeOnLoadMethodAttributes (9ms)
			AfterProcessingInitializeOnLoad (1ms)
			EditorAssembliesLoaded (0ms)
		ExecutionOrderSort2 (0ms)
		AwakeInstancesAfterBackupRestoration (4ms)
Start importing Assets/AuraCardFrameFxLab/Shaders/CardFaceEffect.shader using Guid(df46ea624ef24374f8487b7c447fb0d9) Importer(-1,00000000000000000000000000000000) [PhysX] Initialized MultithreadedTaskDispatcher with 32 workers.
Launched and connected shader compiler UnityShaderCompiler.exe after 0.02 seconds
 -> (artifact id: '51bd50f69077fedd618c2f3f69b0098f') in 0.039483 seconds
Refreshing native plugins compatible for Editor in 0.00 ms, found 0 plugins.
Preloading 0 native plugins for Editor in 0.00 ms.
Asset Pipeline Refresh (id=b57215749f162dd43874708340154e40): Total: 0.713 seconds - Initiated by InitialRefreshV2(ForceSynchronousImport)
	Summary:
		Imports: total=1 (actual=1, local cache=0, cache server=0)
		Asset DB Process Time: managed=1 ms, native=97 ms
		Asset DB Callback time: managed=24 ms, native=13 ms
		Scripting: domain reloads=1, domain reload time=278 ms, compile time=295 ms, other=2 ms
		Project Asset Count: scripts=369, non-scripts=44
		Asset File Changes: new=0, changed=1, moved=0, deleted=0
		Scan Filter Count: 0
	InvokeBeforeRefreshCallbacks: 0.190ms
	ApplyChangesToAssetFolders: 0.029ms
	Scan: 6.856ms
	OnSourceAssetsModified: 5.010ms
	GetAllGuidsForCategorization: 0.051ms
	CategorizeAssets: 2.236ms
	ImportOutOfDateAssets: 200.838ms (-135.785ms without children)
		ImportManagerImport: 40.287ms (0.610ms without children)
			ImportInProcess: 39.659ms
			UpdateCategorizedAssets: 0.018ms
		CompileScripts: 295.088ms
		ReloadNativeAssets: 0.001ms
		UnloadImportedAssets: 1.083ms
		ReloadImportedAssets: 0.000ms
		EnsureUptoDateAssetsAreRegisteredWithGuidPM: 0.053ms
		InitializingProgressBar: 0.006ms
		PostProcessAllAssetNotificationsAddChangedAssets: 0.001ms
		OnDemandSchedulerStart: 0.106ms
	PostProcessAllAssets: 32.588ms
	Hotreload: 0.531ms
	GatherAllCurrentPrimaryArtifactRevisions: 0.000ms
	UnloadStreamsBegin: 0.196ms
	PersistCurrentRevisions: 0.036ms
	UnloadStreamsEnd: 0.002ms
	GenerateScriptTypeHashes: 0.001ms
	Untracked: 464.406ms
Application.AssetDatabase Initial Refresh End
Scanning for USB devices : 15.395ms
Initializing Unity extensions:
[Licensing::Client] Successfully resolved entitlement details
[MODES] ModeService[none].Initialize
[MODES] ModeService[none].LoadModes
[MODES] Loading mode Default (0) for mode-current-id-AuraCardFrameFxLab
[PhysX] Initialized MultithreadedTaskDispatcher with 32 workers.
ProgressiveSceneManager::Cancel()
Unloading 4 Unused Serialized files (Serialized files now loaded: 0)
Unloading 14 unused Assets / (472.1 KB). Loaded Objects now: 735.
Memory consumption went from 87.9 MB to 87.5 MB.
Total: 2.035200 ms (FindLiveObjects: 0.049200 ms CreateObjectMapping: 0.005300 ms MarkObjects: 1.799100 ms  DeleteObjects: 0.181000 ms)

Start importing Assets/AuraCardFrameFxLab/Art/CardBackground.png using Guid(f70aa32cb1df9f741b51d2f5a7970063) Importer(-1,00000000000000000000000000000000) [PhysX] Initialized MultithreadedTaskDispatcher with 32 workers.
 -> (artifact id: 'a480c9cb23ed53e133fdef363871a78c') in 0.007229 seconds
Refreshing native plugins compatible for Editor in 0.00 ms, found 0 plugins.
Preloading 0 native plugins for Editor in 0.00 ms.
Asset Pipeline Refresh (id=c140ea9e7e2ef614b9d2357f609cbb7e): Total: 0.013 seconds - Initiated by StopAssetImportingV2(NoUpdateAssetOptions)
Start importing Assets/AuraCardFrameFxLab/Art/SunCardFrame.png using Guid(324a383aad4e83345a99f8a03886336d) Importer(-1,00000000000000000000000000000000) [PhysX] Initialized MultithreadedTaskDispatcher with 32 workers.
 -> (artifact id: '32744e76c01939e5ec866ca7e17a0ed3') in 0.004594 seconds
Refreshing native plugins compatible for Editor in 0.00 ms, found 0 plugins.
Preloading 0 native plugins for Editor in 0.00 ms.
Asset Pipeline Refresh (id=b823bb46c6e41464dbfb20ce479ff606): Total: 0.006 seconds - Initiated by StopAssetImportingV2(NoUpdateAssetOptions)
Start importing Assets/AuraCardFrameFxLab/Effects/WunaOrbitTrailNoise.png using Guid(3aadff830d7bc534bb52ee5e2239d480) Importer(-1,00000000000000000000000000000000) [PhysX] Initialized MultithreadedTaskDispatcher with 32 workers.
 -> (artifact id: '5027738995816b607d224ad874da838d') in 0.001662 seconds
Refreshing native plugins compatible for Editor in 0.00 ms, found 0 plugins.
Preloading 0 native plugins for Editor in 0.00 ms.
Asset Pipeline Refresh (id=795422e408cb37647b288d477aa9d4ff): Total: 0.004 seconds - Initiated by StopAssetImportingV2(NoUpdateAssetOptions)
Start importing Assets/AuraCardFrameFxLab/Effects/PokemonHoloFoil.png using Guid(0cb253d71f97fed408963e03bb6f568e) Importer(-1,00000000000000000000000000000000) [PhysX] Initialized MultithreadedTaskDispatcher with 32 workers.
 -> (artifact id: 'e508346979481f141ea5c561be8ae353') in 0.002240 seconds
Refreshing native plugins compatible for Editor in 0.00 ms, found 0 plugins.
Preloading 0 native plugins for Editor in 0.00 ms.
Asset Pipeline Refresh (id=6e81513c9d0f282478fdd2c5d1441f5c): Total: 0.004 seconds - Initiated by StopAssetImportingV2(NoUpdateAssetOptions)
Asset Pipeline Refresh (id=e219719e96bd1464aaf51b8f33f8747b): Total: 0.001 seconds - Initiated by RefreshV2(NoUpdateAssetOptions)
[PhysX] Initialized MultithreadedTaskDispatcher with 32 workers.
Unloading 5 Unused Serialized files (Serialized files now loaded: 0)
Unloading 8 unused Assets / (14.3 KB). Loaded Objects now: 739.
Memory consumption went from 88.1 MB to 88.1 MB.
Total: 1.853300 ms (FindLiveObjects: 0.026700 ms CreateObjectMapping: 0.005400 ms MarkObjects: 1.791700 ms  DeleteObjects: 0.028900 ms)

Start importing Assets/AuraCardFrameFxLab/Materials/TerriasFoilHoloFrameOverlay.mat using Guid(87eade045673983429a7ddee13050606) Importer(-1,00000000000000000000000000000000) [PhysX] Initialized MultithreadedTaskDispatcher with 32 workers.
 -> (artifact id: 'bae060ca7e2ffd1648c60ccac590ad4c') in 0.001292 seconds
Refreshing native plugins compatible for Editor in 0.00 ms, found 0 plugins.
Preloading 0 native plugins for Editor in 0.00 ms.
Asset Pipeline Refresh (id=7425e44bc5ab42e4c9b88964ef6804e9): Total: 0.018 seconds - Initiated by StopAssetImportingV2(NoUpdateAssetOptions)
Start importing Assets/AuraCardFrameFxLab/Scenes/CardFrameFxLab.unity using Guid(f80c5d1d2f9a452428f44e2c9c6ee609) Importer(-1,00000000000000000000000000000000) [PhysX] Initialized MultithreadedTaskDispatcher with 32 workers.
 -> (artifact id: '77ea3e191feff21b460405128399fe4b') in 0.000616 seconds
Refreshing native plugins compatible for Editor in 0.00 ms, found 0 plugins.
Preloading 0 native plugins for Editor in 0.00 ms.
Asset Pipeline Refresh (id=075bb502b5510244eb91da44db278b28): Total: 0.007 seconds - Initiated by StopAssetImportingV2(NoUpdateAssetOptions)
Asset Pipeline Refresh (id=145473cb0aab3c143bb3570df4ddaec1): Total: 0.012 seconds - Initiated by RefreshV2(NoUpdateAssetOptions)
AuraCardFrameFxLab scene rebuilt: Assets/AuraCardFrameFxLab/Scenes/CardFrameFxLab.unity
UnityEngine.StackTraceUtility:ExtractStackTrace ()
UnityEngine.DebugLogHandler:LogFormat (UnityEngine.LogType,UnityEngine.Object,string,object[])
UnityEngine.Logger:Log (UnityEngine.LogType,object)
UnityEngine.Debug:Log (object)
AuraCardFrameFxLabEditor.AuraCardFrameFxLabSceneBuilder:Build () (at Assets/AuraCardFrameFxLab/Editor/AuraCardFrameFxLabSceneBuilder.cs:49)

(Filename: Assets/AuraCardFrameFxLab/Editor/AuraCardFrameFxLabSceneBuilder.cs Line: 49)

Batchmode quit successfully invoked - shutting down!
Curl error 42: Callback aborted
Curl error 42: Callback aborted
[PhysX] Initialized MultithreadedTaskDispatcher with 32 workers.
Input System module state changed to: ShutdownInProgress.
Input System polling thread exited.
Input System module state changed to: Shutdown.
[Licensing::IpcConnector] LicenseClient-Administrator-notifications channel disconnected successfully.
[Licensing::IpcConnector] LicenseClient-Administrator channel disconnected successfully.
Cleanup mono
abort_threads: Failed aborting id: 0000000000004610, mono_thread_manage will ignore it

abort_threads: Failed aborting id: 0000000000004610, mono_thread_manage will ignore it

debugger-agent: Unable to listen on 5292
[Performance] WinEditorMain                                                                                                  :        1 samples, Peak.  10.7 s (1.0x), Avg.  10.7 s, Total. 10.73 s (83.9%)
[Performance] WinEditorMain.ConfigureCrashHandler                                                                            :        1 samples, Peak.  19.6 us (1.0x), Avg.  19.6 us, Total. 19.60 us (0.0%)
[Performance] WinEditorMain.CurlRequestInitialize                                                                            :        1 samples, Peak.   228 us (1.0x), Avg.   228 us, Total. 227.7 us (0.0%)
[Performance] WinEditorMain.SetupLogFile                                                                                     :        1 samples, Peak.   175 us (1.0x), Avg.   175 us, Total. 174.9 us (0.0%)
[Performance] WinEditorMain.RunNativeTestsIfRequiredAndExit                                                                  :        1 samples, Peak. 100.0 ns (1.0x), Avg. 100.0 ns, Total. 100.00 ns (0.0%)
[Performance] WinEditorMain.Licensing                                                                                        :        1 samples, Peak.  10.7 s (1.0x), Avg.  10.7 s, Total. 10.70 s (83.6%)
[Performance] WinEditorMain.InitializeCrashHandler                                                                           :        1 samples, Peak.  19.6 ms (1.0x), Avg.  19.6 ms, Total. 19.62 ms (0.2%)
[Performance] WinEditorMain.CreateApplication                                                                                :        1 samples, Peak.  13.0 ms (1.0x), Avg.  13.0 ms, Total. 12.98 ms (0.1%)
[Performance] Application.InitializeProject                                                                                  :        1 samples, Peak.  1.66 s (1.0x), Avg.  1.66 s, Total. 1.658 s (13.0%)
[Performance] Application.PackageManager.StartServer                                                                         :        1 samples, Peak.   121 ms (1.0x), Avg.   121 ms, Total. 120.6 ms (0.9%)
[Performance] Application.AcquireProjectLock                                                                                 :        1 samples, Peak.  1.51 ms (1.0x), Avg.  1.51 ms, Total. 1.511 ms (0.0%)
[Performance] Application.InitializeEngineNoGraphics                                                                         :        1 samples, Peak.  33.6 ms (1.0x), Avg.  33.6 ms, Total. 33.58 ms (0.3%)
[Performance] Application.PackageManager.Initialize                                                                          :        1 samples, Peak.   200 ms (1.0x), Avg.   200 ms, Total. 200.1 ms (1.6%)
[Performance] Connecting to Package Manager                                                                                  :       21 samples, Peak.  56.3 us (17.2x), Avg.  3.27 us, Total. 68.60 us (0.0%)
[Performance] Application.EngineGraphics.Initialize                                                                          :        1 samples, Peak.  15.4 ms (1.0x), Avg.  15.4 ms, Total. 15.39 ms (0.1%)
[Performance] Application.GI.Initialize                                                                                      :        1 samples, Peak.  2.33 ms (1.0x), Avg.  2.33 ms, Total. 2.335 ms (0.0%)
[Performance] Application.LoadAllDefaultResourcesFromEditor                                                                  :        1 samples, Peak.  1.12 ms (1.0x), Avg.  1.12 ms, Total. 1.124 ms (0.0%)
[Performance] Application.LoadMonoAssemblies                                                                                 :        1 samples, Peak.   298 ms (1.0x), Avg.   298 ms, Total. 298.3 ms (2.3%)
[Performance] RestoreManagedReferences                                                                                       :        2 samples, Peak.  23.6 ms (2.0x), Avg.  11.8 ms, Total. 23.62 ms (0.2%)
[Performance] InitializeOnLoad DrivenRectTransformUndo                                                                       :        2 samples, Peak.   307 us (1.2x), Avg.   266 us, Total. 531.3 us (0.0%)
[Performance] InitializeOnLoad SceneSearch                                                                                   :        2 samples, Peak.  88.6 us (1.2x), Avg.  73.2 us, Total. 146.5 us (0.0%)
[Performance] InitializeOnLoad CloudBuild                                                                                    :        2 samples, Peak.  2.10 us (1.1x), Avg.  1.95 us, Total. 3.900 us (0.0%)
[Performance] InitializeOnLoad NativeFormatImporterUtility                                                                   :        2 samples, Peak.  1.55 ms (1.2x), Avg.  1.29 ms, Total. 2.587 ms (0.0%)
[Performance] InitializeOnLoad SearchService                                                                                 :        2 samples, Peak.  65.0 us (1.0x), Avg.  63.8 us, Total. 127.5 us (0.0%)
[Performance] InitializeOnLoad SettingsService                                                                               :        2 samples, Peak.  7.00 us (1.4x), Avg.  5.15 us, Total. 10.30 us (0.0%)
[Performance] InitializeOnLoad WindowLayout                                                                                  :        2 samples, Peak.   434 us (1.1x), Avg.   382 us, Total. 763.5 us (0.0%)
[Performance] InitializeOnLoad AssetStoreContext                                                                             :        2 samples, Peak.  14.1 ms (1.0x), Avg.  13.9 ms, Total. 27.87 ms (0.2%)
[Performance] InitializeOnLoad PoolManager                                                                                   :        2 samples, Peak.   342 us (1.0x), Avg.   330 us, Total. 660.6 us (0.0%)
[Performance] InitializeOnLoad MixerEffectDefinitionReloader                                                                 :        2 samples, Peak.  1.41 ms (1.1x), Avg.  1.28 ms, Total. 2.555 ms (0.0%)
[Performance] InitializeOnLoad ProjectSearch                                                                                 :        2 samples, Peak.  41.4 us (1.2x), Avg.  35.1 us, Total. 70.10 us (0.0%)
[Performance] InitializeOnLoad UISystemProfilerRenderService                                                                 :        2 samples, Peak.  5.40 us (1.1x), Avg.  4.75 us, Total. 9.500 us (0.0%)
[Performance] InitializeOnLoad EditMode                                                                                      :        2 samples, Peak.   206 us (1.1x), Avg.   195 us, Total. 389.8 us (0.0%)
[Performance] InitializeOnLoad UnityConnect                                                                                  :        2 samples, Peak.  23.1 us (1.0x), Avg.  22.9 us, Total. 45.80 us (0.0%)
[Performance] InitializeOnLoad ManagedDebugger                                                                               :        2 samples, Peak.   303 us (1.0x), Avg.   293 us, Total. 586.5 us (0.0%)
[Performance] InitializeOnLoad ShortcutIntegration                                                                           :        2 samples, Peak.  28.3 us (1.0x), Avg.  27.9 us, Total. 55.90 us (0.0%)
[Performance] InitializeOnLoad AddComponentWindow                                                                            :        2 samples, Peak.  55.8 us (1.1x), Avg.  52.5 us, Total. 104.9 us (0.0%)
[Performance] InitializeOnLoad ManagedDebuggerWindow                                                                         :        2 samples, Peak.  59.7 us (1.0x), Avg.  58.2 us, Total. 116.4 us (0.0%)
[Performance] InitializeOnLoad CacheServerWindow                                                                             :        2 samples, Peak.  5.20 us (1.3x), Avg.  4.05 us, Total. 8.100 us (0.0%)
[Performance] InitializeOnLoad PlayModeDownload                                                                              :        2 samples, Peak.  3.75 ms (1.9x), Avg.  1.96 ms, Total. 3.910 ms (0.0%)
[Performance] InitializeOnLoad MenuItems                                                                                     :        2 samples, Peak.  60.0 us (1.2x), Avg.  50.5 us, Total. 101.0 us (0.0%)
[Performance] InitializeOnLoad PrefabInstanceChangedListener                                                                 :        2 samples, Peak.  69.1 us (1.0x), Avg.  66.1 us, Total. 132.2 us (0.0%)
[Performance] InitializeOnLoad ObjectSelectorSearch                                                                          :        2 samples, Peak.  20.2 us (1.1x), Avg.  17.9 us, Total. 35.90 us (0.0%)
[Performance] InitializeOnLoad EditorMonitor                                                                                 :        2 samples, Peak.   428 us (1.3x), Avg.   330 us, Total. 659.2 us (0.0%)
[Performance] InitializeOnLoad RetainedMode                                                                                  :        2 samples, Peak.  1.29 ms (1.0x), Avg.  1.27 ms, Total. 2.546 ms (0.0%)
[Performance] InitializeOnLoad EditorShaderLoader                                                                            :        2 samples, Peak.   328 us (1.0x), Avg.   324 us, Total. 647.8 us (0.0%)
[Performance] InitializeOnLoad EditorDelegateRegistration                                                                    :        2 samples, Peak.   264 us (1.1x), Avg.   235 us, Total. 469.5 us (0.0%)
[Performance] InitializeOnLoad UIDocumentHierarchyWatcher                                                                    :        2 samples, Peak.  49.8 us (1.2x), Avg.  40.5 us, Total. 81.00 us (0.0%)
[Performance] InitializeOnLoad LiveReloadTrackerCreator                                                                      :        2 samples, Peak.   141 us (1.3x), Avg.   106 us, Total. 212.6 us (0.0%)
[Performance] InitializeOnLoad UxmlObjectEditorFactories                                                                     :        2 samples, Peak.   307 us (1.1x), Avg.   270 us, Total. 539.7 us (0.0%)
[Performance] InitializeOnLoad UXMLEditorFactories                                                                           :        2 samples, Peak.  29.2 ms (1.0x), Avg.  28.8 ms, Total. 57.68 ms (0.5%)
[Performance] InitializeOnLoad PurchasingService                                                                             :        2 samples, Peak.  3.82 ms (1.0x), Avg.  3.75 ms, Total. 7.496 ms (0.1%)
[Performance] InitializeOnLoad CloudBuildPoller                                                                              :        2 samples, Peak.  60.9 us (1.0x), Avg.  58.3 us, Total. 116.7 us (0.0%)
[Performance] InitializeOnLoad EditorGameServicesAnalytics                                                                   :        2 samples, Peak.  1.53 ms (1.5x), Avg.  1.02 ms, Total. 2.048 ms (0.0%)
[Performance] InitializeOnLoad AnalyticsService                                                                              :        2 samples, Peak.   100 us (1.0x), Avg.  99.9 us, Total. 199.7 us (0.0%)
[Performance] InitializeOnLoad BuildService                                                                                  :        2 samples, Peak.  71.9 us (1.1x), Avg.  68.1 us, Total. 136.2 us (0.0%)
[Performance] InitializeOnLoad AdsService                                                                                    :        2 samples, Peak.   190 us (1.0x), Avg.   190 us, Total. 379.4 us (0.0%)
[Performance] InitializeOnLoad UDPService                                                                                    :        2 samples, Peak.  68.2 us (1.0x), Avg.  68.1 us, Total. 136.2 us (0.0%)
[Performance] InitializeOnLoad CrashService                                                                                  :        2 samples, Peak.  62.5 us (1.0x), Avg.  61.0 us, Total. 122.0 us (0.0%)
[Performance] InitializeOnLoad ServicesRepository                                                                            :        2 samples, Peak.   300 ns (1.0x), Avg.   300 ns, Total. 600.0 ns (0.0%)
[Performance] InitializeOnLoad SearchWindow                                                                                  :        2 samples, Peak.  73.2 us (1.2x), Avg.  63.4 us, Total. 126.9 us (0.0%)
[Performance] InitializeOnLoad CustomIndexers                                                                                :        2 samples, Peak.  9.94 ms (1.1x), Avg.  9.32 ms, Total. 18.64 ms (0.1%)
[Performance] InitializeOnLoad SearchMonitor                                                                                 :        2 samples, Peak.   551 us (1.1x), Avg.   491 us, Total. 982.2 us (0.0%)
[Performance] InitializeOnLoad ParameterControllerEditor                                                                     :        2 samples, Peak.  29.1 us (1.4x), Avg.  20.9 us, Total. 41.80 us (0.0%)
[Performance] InitializeOnLoad LayerSettingsWindow                                                                           :        2 samples, Peak.  17.9 us (1.7x), Avg.  10.8 us, Total. 21.50 us (0.0%)
[Performance] InitializeOnLoad PackageManagerHookGUIDConverter.RegisterPackagesEventHandler                                  :        2 samples, Peak.   461 us (1.1x), Avg.   415 us, Total. 830.1 us (0.0%)
[Performance] InitializeOnLoad EditorDragAndDrop.RegisterEditorClient                                                        :        2 samples, Peak.   122 us (1.0x), Avg.   121 us, Total. 242.4 us (0.0%)
[Performance] InitializeOnLoad EditorEventCallbacks.InitializeFontAssetResourceChangeCallBacks                               :        2 samples, Peak.   662 us (1.0x), Avg.   631 us, Total. 1.262 ms (0.0%)
[Performance] InitializeOnLoad SceneTemplateService.Init                                                                     :        2 samples, Peak.   621 us (1.0x), Avg.   607 us, Total. 1.214 ms (0.0%)
[Performance] InitializeOnLoad DiagnosticSwitchesConsoleMessage.Init                                                         :        2 samples, Peak.  3.89 ms (1.8x), Avg.  2.21 ms, Total. 4.417 ms (0.0%)
[Performance] InitializeOnLoad MemoryProfilerCompilationGuard.InjectCompileGuard                                             :        2 samples, Peak.   143 us (1.3x), Avg.   110 us, Total. 220.5 us (0.0%)
[Performance] InitializeOnLoad EditorWindow.Initialize                                                                       :        2 samples, Peak.   132 us (1.1x), Avg.   123 us, Total. 246.7 us (0.0%)
[Performance] InitializeOnLoad AssetPostprocessingInternal.RefreshCustomDependencies                                         :        2 samples, Peak.  1.81 ms (1.1x), Avg.  1.62 ms, Total. 3.249 ms (0.0%)
[Performance] InitializeOnLoad SysrootManager.Initialize                                                                     :        2 samples, Peak.   253 us (1.0x), Avg.   246 us, Total. 491.8 us (0.0%)
[Performance] InitializeOnLoad PackageManagerWindow.EditorInitializedInSafeMode                                              :        2 samples, Peak.  13.0 ms (2.0x), Avg.  6.52 ms, Total. 13.04 ms (0.1%)
[Performance] InitializeOnLoad ToolShortcutContext.Init                                                                      :        2 samples, Peak.  72.1 us (1.1x), Avg.  63.8 us, Total. 127.6 us (0.0%)
[Performance] InitializeOnLoad SceneVisibilityManager.Initialize                                                             :        2 samples, Peak.  2.70 ms (1.7x), Avg.  1.56 ms, Total. 3.123 ms (0.0%)
[Performance] InitializeOnLoad ScopedRegistryAddedPopup.SubscribeToRegistriesAdded                                           :        2 samples, Peak.  3.77 ms (2.0x), Avg.  1.92 ms, Total. 3.831 ms (0.0%)
[Performance] AssemblyReloadEvents.afterAssemblyReload: UnityEditor.SceneTemplate.SceneTemplateService.AfterAssemblyReload   :        2 samples, Peak.  2.41 ms (1.8x), Avg.  1.30 ms, Total. 2.607 ms (0.0%)
[Performance] ProcessService.EditorAfterLoadAllAssemblies                                                                    :        2 samples, Peak.   239 us (1.2x), Avg.   196 us, Total. 391.1 us (0.0%)
[Performance] Application.ReadLicenseInfo                                                                                    :        1 samples, Peak.  12.2 ms (1.0x), Avg.  12.2 ms, Total. 12.24 ms (0.1%)
[Performance] Application.InitialRefresh                                                                                     :        1 samples, Peak.   714 ms (1.0x), Avg.   714 ms, Total. 713.6 ms (5.6%)
[Performance] ShaderImporter.SourceAssetModified                                                                             :        3 samples, Peak.  1.45 ms (1.5x), Avg.   957 us, Total. 2.871 ms (0.0%)
[Performance] UpgradeShaderAsset                                                                                             :        2 samples, Peak.  1.45 ms (1.0x), Avg.  1.43 ms, Total. 2.861 ms (0.0%)
[Performance] ShaderIncludeImporter.SourceAssetModified                                                                      :        3 samples, Peak.  1.10 us (1.3x), Avg.   867 ns, Total. 2.600 us (0.0%)
[Performance] Compiling Scripts                                                                                              :        1 samples, Peak.   294 ms (1.0x), Avg.   294 ms, Total. 294.0 ms (2.3%)
[Performance] AssemblyReloadEvents.beforeAssemblyReload: UnityEditor.SceneTemplate.SceneTemplateService.BeforeAssemblyReload :        1 samples, Peak.   312 us (1.0x), Avg.   312 us, Total. 311.7 us (0.0%)
[Performance] InitializeOnLoad AuraCardFrameFxLabStartup                                                                     :        1 samples, Peak.  86.7 us (1.0x), Avg.  86.7 us, Total. 86.70 us (0.0%)
[Performance] InitializeOnLoad PrefabLayoutRebuilder                                                                         :        1 samples, Peak.   117 us (1.0x), Avg.   117 us, Total. 116.5 us (0.0%)
[Performance] DidReloadScriptsAdvancedDropdownWindow.OnScriptReload                                                          :        1 samples, Peak.   129 us (1.0x), Avg.   129 us, Total. 128.7 us (0.0%)
[Performance] PresetManagerPostProcessor.OnPreprocessAsset                                                                   :        7 samples, Peak.   175 us (5.3x), Avg.  33.2 us, Total. 232.1 us (0.0%)
[Performance] CancelSplashScreenOnAssetChange.OnPreprocessAsset                                                              :        7 samples, Peak.  76.7 us (6.1x), Avg.  12.5 us, Total. 87.50 us (0.0%)
[Performance] ShaderImporter.Import                                                                                          :        1 samples, Peak.  33.9 ms (1.0x), Avg.  33.9 ms, Total. 33.89 ms (0.3%)
[Performance] EditorApplication.projectChanged: UnityEditor.Audio.MixerEffectDefinitionReloader.OnProjectChanged             :        2 samples, Peak.   233 us (1.1x), Avg.   218 us, Total. 435.4 us (0.0%)
[Performance] AssetDatabase.ImportAssets                                                                                     :       13 samples, Peak.  17.8 ms (13.0x), Avg.  1.37 ms, Total. 17.80 ms (0.1%)
[Performance] VersionControl.Task.Wait                                                                                       :        1 samples, Peak.  6.00 us (1.0x), Avg.  6.00 us, Total. 6.000 us (0.0%)
[Performance] BuilderAssetPostprocessor.OnPostprocessAllAssets                                                               :       14 samples, Peak.  1.69 ms (6.6x), Avg.   257 us, Total. 3.600 ms (0.0%)
[Performance] ArtifactBrowserPostProcessor.OnPostprocessAllAssets                                                            :       14 samples, Peak.   303 us (6.7x), Avg.  45.1 us, Total. 631.1 us (0.0%)
[Performance] AssetEvents.OnPostprocessAllAssets                                                                             :       28 samples, Peak.   101 us (9.0x), Avg.  11.1 us, Total. 312.1 us (0.0%)
[Performance] AudioMixerPostprocessor.OnPostprocessAllAssets                                                                 :       14 samples, Peak.   156 us (6.7x), Avg.  23.3 us, Total. 326.2 us (0.0%)
[Performance] StyleCatalogPostProcessor.OnPostprocessAllAssets                                                               :       14 samples, Peak.  9.90 ms (7.0x), Avg.  1.42 ms, Total. 19.89 ms (0.2%)
[Performance] BuildCatalog                                                                                                   :        1 samples, Peak.  9.27 ms (1.0x), Avg.  9.27 ms, Total. 9.270 ms (0.1%)
[Performance] ModelImporterPostProcessor.OnPostprocessAllAssets                                                              :       14 samples, Peak.  1.06 ms (4.4x), Avg.   242 us, Total. 3.393 ms (0.0%)
[Performance] RetainedModeAssetPostprocessor.OnPostprocessAllAssets                                                          :       14 samples, Peak.  1.70 ms (6.8x), Avg.   251 us, Total. 3.515 ms (0.0%)
[Performance] AssetChangedListener.OnPostprocessAllAssets                                                                    :       14 samples, Peak.  1.05 ms (5.5x), Avg.   191 us, Total. 2.672 ms (0.0%)
[Performance] SpeedTreePostProcessor.OnPostprocessAllAssets                                                                  :       14 samples, Peak.   125 us (5.5x), Avg.  22.7 us, Total. 317.4 us (0.0%)
[Performance] TextAssetPostProcessor.OnPostprocessAllAssets                                                                  :       14 samples, Peak.  1.29 ms (5.7x), Avg.   227 us, Total. 3.172 ms (0.0%)
[Performance] SyncVS.PostprocessSyncProject                                                                                  :        7 samples, Peak.   863 us (6.2x), Avg.   139 us, Total. 969.8 us (0.0%)
[Performance] Application.ImportPackagesAndSetTemplateWhenCreatingProject                                                    :        1 samples, Peak.  7.09 ms (1.0x), Avg.  7.09 ms, Total. 7.093 ms (0.1%)
[Performance] Application.SyncCurrentColorSpace                                                                              :        1 samples, Peak.  2.34 ms (1.0x), Avg.  2.34 ms, Total. 2.337 ms (0.0%)
[Performance] Application.OnUsbDevicesChanged                                                                                :        1 samples, Peak.  15.4 ms (1.0x), Avg.  15.4 ms, Total. 15.44 ms (0.1%)
[Performance] Application.AssetInstanceCacheUpdate                                                                           :        1 samples, Peak.   300 ns (1.0x), Avg.   300 ns, Total. 300.0 ns (0.0%)
[Performance] Application.UnityExtensions.Initialize                                                                         :        1 samples, Peak.   492 us (1.0x), Avg.   492 us, Total. 491.7 us (0.0%)
[Performance] CodeEditorProjectSync.SyncEditorProject                                                                        :        1 samples, Peak.  65.2 us (1.0x), Avg.  65.2 us, Total. 65.20 us (0.0%)
[Performance] Application.ExecuteStartups                                                                                    :        1 samples, Peak.  22.4 ms (1.0x), Avg.  22.4 ms, Total. 22.36 ms (0.2%)
[Performance] Menu.RegisterMenuInterface                                                                                     :       26 samples, Peak.   400 ns (3.4x), Avg.   119 ns, Total. 3.100 us (0.0%)
[Performance] Gizmo.RebuildRenderers                                                                                         :        1 samples, Peak.  22.1 ms (1.0x), Avg.  22.1 ms, Total. 22.13 ms (0.2%)
[Performance] Gizmo.AddGizmoRenderers                                                                                        :       22 samples, Peak.  1.28 ms (16.0x), Avg.  80.3 us, Total. 1.767 ms (0.0%)
[Performance] Application.editorInitializingProject                                                                          :        1 samples, Peak.  69.4 ms (1.0x), Avg.  69.4 ms, Total. 69.44 ms (0.5%)
[Performance] Application.InitializeMenu                                                                                     :        1 samples, Peak.  24.1 ms (1.0x), Avg.  24.1 ms, Total. 24.05 ms (0.2%)
[Performance] Menu.RebuildAll                                                                                                :        1 samples, Peak.  24.0 ms (1.0x), Avg.  24.0 ms, Total. 24.05 ms (0.2%)
[Performance] Menu.BuildRegisteredMenuInterfaces                                                                             :        1 samples, Peak.  22.8 ms (1.0x), Avg.  22.8 ms, Total. 22.75 ms (0.2%)
[Performance] Menu.FilterMenuItem                                                                                            :      494 samples, Peak.  10.8 ms (490.6x), Avg.  22.0 us, Total. 10.85 ms (0.1%)
[Performance] UpdateAllMenus                                                                                                 :        1 samples, Peak.   285 us (1.0x), Avg.   285 us, Total. 284.6 us (0.0%)
[Performance] Menu.RebuildOSMainMenu                                                                                         :        2 samples, Peak.  1.43 ms (1.2x), Avg.  1.16 ms, Total. 2.311 ms (0.0%)
[Performance] EditorSceneManager.sceneClosing: UnityEditor.SceneVisibilityManager.EditorSceneManagerOnSceneClosing           :        2 samples, Peak.   162 us (1.9x), Avg.  83.3 us, Total. 166.5 us (0.0%)
[Performance] GUIView.RepaintAll.PlayerLoopController                                                                        :        2 samples, Peak.  1.30 us (1.3x), Avg.  1.00 us, Total. 2.000 us (0.0%)
[Performance] EditorSceneManager.newSceneCreated: UnityEditor.SceneTemplate.SceneTemplateService.OnNewSceneCreated           :        2 samples, Peak.   164 us (2.0x), Avg.  82.5 us, Total. 165.0 us (0.0%)
[Performance] EditorSceneManager.newSceneCreated: UnityEditor.SceneVisibilityManager.EditorSceneManagerOnNewSceneCreated     :        2 samples, Peak.  94.5 us (1.9x), Avg.  49.3 us, Total. 98.60 us (0.0%)
[Performance] EditorSceneManager.newSceneCreated: UnityEditor.SceneManagement.StageNavigationManager.OnNewSceneCreated       :        2 samples, Peak.  31.7 us (2.0x), Avg.  16.2 us, Total. 32.40 us (0.0%)
[Performance] Application.InvokeFinishedLoadingProject                                                                       :        1 samples, Peak.   596 us (1.0x), Avg.   596 us, Total. 595.6 us (0.0%)
[Performance] ProcessService.OnProjectLoaded                                                                                 :        1 samples, Peak.  40.1 us (1.0x), Avg.  40.1 us, Total. 40.10 us (0.0%)
[Performance] AssetDatabase.ImportAsset                                                                                      :        5 samples, Peak.  13.6 ms (1.9x), Avg.  7.02 ms, Total. 35.10 ms (0.3%)
[Performance] TextureImporter.Import                                                                                         :        4 samples, Peak.  5.04 ms (2.0x), Avg.  2.54 ms, Total. 10.17 ms (0.1%)
[Performance] AssetDatabase.Refresh                                                                                          :        2 samples, Peak.  11.8 ms (1.9x), Avg.  6.33 ms, Total. 12.65 ms (0.1%)
[Performance] SceneDataContainer.TransformHierarchyChangedSetParentCallback                                                  :       18 samples, Peak.  8.20 us (8.4x), Avg.   972 ns, Total. 17.50 us (0.0%)
[Performance] SceneVisibilityState.IsFlagSetInParents                                                                        :       30 samples, Peak.  1.30 us (5.2x), Avg.   250 ns, Total. 7.500 us (0.0%)
[Performance] BuilderAssetModificationProcessor.OnWillSaveAssets                                                             :        3 samples, Peak.   235 us (2.8x), Avg.  83.6 us, Total. 250.7 us (0.0%)
[Performance] TerrainModificationProcessor.OnWillSaveAssets                                                                  :        3 samples, Peak.   333 us (3.0x), Avg.   112 us, Total. 335.2 us (0.0%)
[Performance] Inspector.InitOrRebuild                                                                                        :        1 samples, Peak.  9.85 ms (1.0x), Avg.  9.85 ms, Total. 9.851 ms (0.1%)
[Performance] Selection.selectionChanged: UnityEditor.PackageManager.UI.Internal.SelectionProxy.OnSelectionChanged           :        1 samples, Peak.   381 us (1.0x), Avg.   381 us, Total. 380.7 us (0.0%)
[Performance] Selection.selectionChanged: UnityEditorInternal.EditMode.OnSelectionChange                                     :        1 samples, Peak.   147 us (1.0x), Avg.   147 us, Total. 146.9 us (0.0%)
[Performance] EditorSceneManager.sceneSaving: UnityEditor.SceneTemplate.SceneTemplateService.OnSceneSaving                   :        1 samples, Peak.   133 us (1.0x), Avg.   133 us, Total. 132.7 us (0.0%)
[Performance] EditorSceneManager.sceneSaving: UnityEditor.SceneVisibilityManager.EditorSceneManagerOnSceneSaving             :        1 samples, Peak.  55.0 us (1.0x), Avg.  55.0 us, Total. 55.00 us (0.0%)
[Performance] BuilderAssetModificationProcessor.OnWillCreateAsset                                                            :        1 samples, Peak.   142 us (1.0x), Avg.   142 us, Total. 142.0 us (0.0%)
[Performance] EditorSceneManager.sceneSaved: UnityEditor.SceneTemplate.SceneTemplateService.OnSceneSaved                     :        1 samples, Peak.  8.20 ms (1.0x), Avg.  8.20 ms, Total. 8.204 ms (0.1%)
[Performance] EditorSceneManager.sceneSaved: UnityEditor.SceneVisibilityManager.EditorSceneManagerOnSceneSaved               :        1 samples, Peak.  78.0 us (1.0x), Avg.  78.0 us, Total. 78.00 us (0.0%)
[Performance] EditorApplication.quitting: callback in UnityEditor.TextCore.Text.EditorEventCallbacks                         :        1 samples, Peak.  2.43 ms (1.0x), Avg.  2.43 ms, Total. 2.432 ms (0.0%)
[Performance] Application.Shutdown.PauseProfilerSession                                                                      :        1 samples, Peak.  28.3 us (1.0x), Avg.  28.3 us, Total. 28.30 us (0.0%)
[Performance] Application.Shutdown.PauseAssetImportWorkers                                                                   :        1 samples, Peak.  80.8 us (1.0x), Avg.  80.8 us, Total. 80.80 us (0.0%)
[Performance] Application.Shutdown.SaveAssets                                                                                :        1 samples, Peak.  1.26 ms (1.0x), Avg.  1.26 ms, Total. 1.257 ms (0.0%)
[Performance] Application.Shutdown.CleanupRenderPipeline                                                                     :        1 samples, Peak.  6.10 us (1.0x), Avg.  6.10 us, Total. 6.100 us (0.0%)
[Performance] Application.Shutdown.StopPreloadManager                                                                        :        1 samples, Peak.  9.90 ms (1.0x), Avg.  9.90 ms, Total. 9.901 ms (0.1%)
[Performance] Application.Shutdown.DestroyWorld                                                                              :        1 samples, Peak.  3.41 ms (1.0x), Avg.  3.41 ms, Total. 3.414 ms (0.0%)
[Performance] Application.Shutdown.CleanupAfterLoad                                                                          :        1 samples, Peak.  1.80 ms (1.0x), Avg.  1.80 ms, Total. 1.798 ms (0.0%)
[Performance] Application.Shutdown.Progress                                                                                  :        1 samples, Peak.  5.30 us (1.0x), Avg.  5.30 us, Total. 5.300 us (0.0%)
[Performance] Application.Shutdown.GICleanupManagers                                                                         :        1 samples, Peak.   630 us (1.0x), Avg.   630 us, Total. 629.5 us (0.0%)
[Performance] Application.Shutdown.MenuCleanupClass                                                                          :        1 samples, Peak.   125 us (1.0x), Avg.   125 us, Total. 124.7 us (0.0%)
[Performance] Application.Shutdown.ADBSaveStateBeforeShutdown                                                                :        1 samples, Peak.  7.90 us (1.0x), Avg.  7.90 us, Total. 7.900 us (0.0%)
[Performance] Application.Shutdown.RemoteShutdown                                                                            :        1 samples, Peak.   700 ns (1.0x), Avg.   700 ns, Total. 700.0 ns (0.0%)
[Performance] Application.Shutdown.CleanupVCProvider                                                                         :        1 samples, Peak.  7.60 us (1.0x), Avg.  7.60 us, Total. 7.600 us (0.0%)
[Performance] Application.Shutdown.InputShutdown                                                                             :        1 samples, Peak.   400 ns (1.0x), Avg.   400 ns, Total. 400.0 ns (0.0%)
[Performance] Application.Shutdown.GizmoManagerDestroy                                                                       :        1 samples, Peak.   537 us (1.0x), Avg.   537 us, Total. 537.0 us (0.0%)
[Performance] Application.Shutdown.ProfilerSession                                                                           :        1 samples, Peak.   144 us (1.0x), Avg.   144 us, Total. 144.4 us (0.0%)
[Performance] Application.Shutdown.ReleaseGfxWindowOnAllGUIViews                                                             :        1 samples, Peak.   400 ns (1.0x), Avg.   400 ns, Total. 400.0 ns (0.0%)
[Performance] Application.Shutdown.CleanupEngine                                                                             :        1 samples, Peak.   157 ms (1.0x), Avg.   157 ms, Total. 157.1 ms (1.2%)
[Performance] Application.Shutdown.CleanupAssetDatabase                                                                      :        1 samples, Peak.  1.61 ms (1.0x), Avg.  1.61 ms, Total. 1.614 ms (0.0%)
[Performance] Application.Shutdown.ScriptCompilationCleanUp                                                                  :        1 samples, Peak.  12.5 ms (1.0x), Avg.  12.5 ms, Total. 12.51 ms (0.1%)
[Performance] Application.Shutdown.DestroyJobSystem                                                                          :        1 samples, Peak.  72.9 us (1.0x), Avg.  72.9 us, Total. 72.90 us (0.0%)
[Performance] Application.Shutdown.CleanupPersistentManager                                                                  :        1 samples, Peak.   272 us (1.0x), Avg.   272 us, Total. 272.3 us (0.0%)
[Performance] Application.Shutdown.CleanupAsyncReadManager                                                                   :        1 samples, Peak.   226 us (1.0x), Avg.   226 us, Total. 226.4 us (0.0%)
[Performance] Application.Shutdown.CleanupProgressBar                                                                        :        1 samples, Peak.   700 ns (1.0x), Avg.   700 ns, Total. 700.0 ns (0.0%)
[Performance] Application.Shutdown.CleanupMono                                                                               :        1 samples, Peak.  30.0 ms (1.0x), Avg.  30.0 ms, Total. 30.01 ms (0.2%)
[Performance] Application.Shutdown.CleanupStdConverters                                                                      :        1 samples, Peak.  8.60 us (1.0x), Avg.  8.60 us, Total. 8.600 us (0.0%)
[Performance] Application.Shutdown.UnloadAllPlatformSupportModuleNativeDlls                                                  :        1 samples, Peak.   400 ns (1.0x), Avg.   400 ns, Total. 400.0 ns (0.0%)
[Performance] Application.Shutdown.UnloadAllPlatformSupportNativeLibraries                                                   :        1 samples, Peak. 100.0 ns (1.0x), Avg. 100.0 ns, Total. 100.00 ns (0.0%)
[Performance] Application.Shutdown.CleanupAutoDocumentation                                                                  :        1 samples, Peak.   369 us (1.0x), Avg.   369 us, Total. 369.4 us (0.0%)
[Performance] Application.Shutdown.ShaderNameManagerDestroy                                                                  :        1 samples, Peak.  58.5 us (1.0x), Avg.  58.5 us, Total. 58.50 us (0.0%)
[Performance] Application.Shutdown.CleanupCacheServer                                                                        :        1 samples, Peak. 100.0 ns (1.0x), Avg. 100.0 ns, Total. 100.00 ns (0.0%)
[Performance] Application.Shutdown.Virtualization_Shutdown                                                                   :        1 samples, Peak.   400 ns (1.0x), Avg.   400 ns, Total. 400.0 ns (0.0%)
[Performance] Application.Shutdown.DevConnections                                                                            :        1 samples, Peak.   182 us (1.0x), Avg.   182 us, Total. 181.5 us (0.0%)
Exiting batchmode successfully now!
Exiting without the bug reporter. Application will terminate with return code 0