[Licensing::Module] Trying to connect to existing licensing client channel...
[Licensing::IpcConnector] Successfully connected to: "LicenseClient-Administrator" at "2026-07-02T04:27:13.5097752Z"
[Licensing::Client] Code 10 while verifying Licensing Client signature (process Id: 13140, path: "D:/UnityFile/2022.3.62f3c1/Editor/Data/Resources/Licensing/Client/Unity.Licensing.Client.exe")
[Licensing::Module] LicensingClient has failed validation; ignoring
[Licensing::Client] Handshaking with LicensingClient:
  Version:                 1.16.2+bdef8f5
  Session Id:              857e08cdb7884afd80b4c057b4ccffe6
  Correlation Id:          87cdb9c1b641ddf1fd99a9b3905751f3
  External correlation Id: 4310028473161724357
  Machine Id:              g+6V6afw2YIrGlsl7FZ430wPoSI=
[Licensing::Module] Successfully connected to LicensingClient on channel: "LicenseClient-Administrator" (connect: 0.00s, validation: 0.01s, handshake: 0.02s)
[Licensing::IpcConnector] Successfully connected to: "LicenseClient-Administrator-notifications" at "2026-07-02T04:27:13.5413257Z"
[Licensing::Module] Error: Access token is unavailable; failed to update
[Licensing::Client] Successfully updated license
Built from '2022.3/china_unity/release' branch; Version is '2022.3.62f3c1 (1623fc0bbb97) revision 1451004'; Using compiler version '192829333'; Build Type 'Release'
OS: 'Windows 11  (10.0.26200) 64bit Professional' Language: 'zh' Physical Memory: 31898 MB
[Licensing::Client] Successfully resolved entitlement details
[Licensing::Module] Serial number assigned to: "F4-54ZC-YTHZ-PJX4-4S32-XXXX"
BatchMode: 1, IsHumanControllingUs: 0, StartBugReporterOnCrash: 0, Is64bit: 1, IsPro: 0
[Licensing::Client] Successfully resolved entitlement details

COMMAND LINE ARGUMENTS:
D:\UnityFile\2022.3.62f3c1\Editor\Unity.exe
-batchmode
-quit
-nographics
-projectPath
D:\Project\Apocalypic-journey-mods-creator\ModExp\AuraCardFrameFxLab
-executeMethod
AuraCardFrameFxLabEditor.AuraCardFrameFxLabSceneBuilder.SmokeTest
-logFile
D:\Project\Apocalypic-journey-mods-creator\ModExp\tmp\AuraCardFrameFxLab-smoke-2.log
Successfully changed project path to: D:\Project\Apocalypic-journey-mods-creator\ModExp\AuraCardFrameFxLab
D:/Project/Apocalypic-journey-mods-creator/ModExp/AuraCardFrameFxLab
It looks like another Unity instance is running with this project open.

Multiple Unity instances cannot open the same project.

Project: D:/Project/Apocalypic-journey-mods-creator/ModExp/AuraCardFrameFxLab
Fatal Error! It looks like another Unity instance is running with this project open.

Multiple Unity instances cannot open the same project.

Project: D:/Project/Apocalypic-journey-mods-creator/ModExp/AuraCardFrameFxLab
Crash!!!
SymInit: Symbol-SearchPath: 'D:/UnityFile/2022.3.62f3c1/Editor/Data/Mono;.;D:\Project\Apocalypic-journey-mods-creator\ModExp\AuraCardFrameFxLab;D:\Project\Apocalypic-journey-mods-creator\ModExp\AuraCardFrameFxLab\Library\BurstCache\JIT;D:\UnityFile\2022.3.62f3c1\Editor;C:\Windows;C:\Windows\system32;', symOptions: 534, UserName: 'Administrator'
OS-Version: 10.0.0
D:\UnityFile\2022.3.62f3c1\Editor\Unity.exe:Unity.exe (00007FF7F3FD0000), size: 96317440 (result: 0), SymType: '-deferred-', PDB: '', fileVersion: 2022.3.62.9212
C:\Windows\SYSTEM32\ntdll.dll:ntdll.dll (00007FFD4F600000), size: 2514944 (result: 0), SymType: '-deferred-', PDB: '', fileVersion: 10.0.26100.8521
C:\Windows\System32\KERNEL32.DLL:KERNEL32.DLL (00007FFD4D400000), size: 823296 (result: 0), SymType: '-deferred-', PDB: '', fileVersion: 10.0.26100.8521
C:\Windows\System32\KERNELBASE.dll:KERNELBASE.dll (00007FFD4CC90000), size: 4169728 (result: 0), SymType: '-deferred-', PDB: '', fileVersion: 10.0.26100.8655
C:\Windows\System32\CRYPT32.dll:CRYPT32.dll (00007FFD4C950000), size: 1540096 (result: 0), SymType: '-deferred-', PDB: '', fileVersion: 10.0.26100.8521
C:\Windows\System32\ucrtbase.dll:ucrtbase.dll (00007FFD4D090000), size: 1359872 (result: 0), SymType: '-deferred-', PDB: '', fileVersion: 10.0.26100.8521
C:\Windows\System32\USER32.dll:USER32.dll (00007FFD4F2F0000), size: 1863680 (result: 0), SymType: '-deferred-', PDB: '', fileVersion: 10.0.26100.8521
C:\Windows\System32\win32u.dll:win32u.dll (00007FFD4D1E0000), size: 159744 (result: 0), SymType: '-deferred-', PDB: '', fileVersion: 10.0.26100.8655
C:\Windows\System32\GDI32.dll:GDI32.dll (00007FFD4D9D0000), size: 176128 (result: 0), SymType: '-deferred-', PDB: '', fileVersion: 10.0.26100.8328
D:\UnityFile\2022.3.62f3c1\Editor\libfbxsdk.dll:libfbxsdk.dll (00007FFC78450000), size: 8019968 (result: 0), SymType: '-deferred-', PDB: '', fileVersion: 2020.3.7.0
D:\UnityFile\2022.3.62f3c1\Editor\s3tcompress.dll:s3tcompress.dll (00007FFD25920000), size: 180224 (result: 0), SymType: '-deferred-', PDB: ''
C:\Windows\System32\gdi32full.dll:gdi32full.dll (00007FFD4CB60000), size: 1224704 (result: 0), SymType: '-deferred-', PDB: '', fileVersion: 10.0.26100.8521
D:\UnityFile\2022.3.62f3c1\Editor\etccompress.dll:etccompress.dll (00007FFC500E0000), size: 5070848 (result: 0), SymType: '-deferred-', PDB: ''
C:\Windows\System32\ADVAPI32.dll:ADVAPI32.dll (00007FFD4D640000), size: 745472 (result: 0), SymType: '-deferred-', PDB: '', fileVersion: 10.0.26100.8521
D:\UnityFile\2022.3.62f3c1\Editor\ispc_texcomp.dll:ispc_texcomp.dll (00007FFCC2B50000), size: 1826816 (result: 0), SymType: '-deferred-', PDB: ''
C:\Windows\System32\msvcp_win.dll:msvcp_win.dll (00007FFD4D210000), size: 667648 (result: 0), SymType: '-deferred-', PDB: '', fileVersion: 10.0.26100.8521
D:\UnityFile\2022.3.62f3c1\Editor\compress_bc7e.dll:compress_bc7e.dll (00007FFCBB480000), size: 1433600 (result: 0), SymType: '-deferred-', PDB: ''
C:\Windows\System32\msvcrt.dll:msvcrt.dll (00007FFD4D590000), size: 692224 (result: 0), SymType: '-deferred-', PDB: '', fileVersion: 7.0.26100.8246
D:\UnityFile\2022.3.62f3c1\Editor\WinPixEventRuntime.dll:WinPixEventRuntime.dll (00007FFD47720000), size: 45056 (result: 0), SymType: '-deferred-', PDB: '', fileVersion: 1.0.1812.6001
D:\UnityFile\2022.3.62f3c1\Editor\FreeImage.dll:FreeImage.dll (0000000180000000), size: 5783552 (result: 0), SymType: '-deferred-', PDB: '', fileVersion: 3.18.0.0
C:\Windows\System32\SHELL32.dll:SHELL32.dll (00007FFD4E170000), size: 7880704 (result: 0), SymType: '-deferred-', PDB: '', fileVersion: 10.0.26100.8655
C:\Windows\System32\sechost.dll:sechost.dll (00007FFD4F210000), size: 696320 (result: 0), SymType: '-deferred-', PDB: '', fileVersion: 10.0.26100.8521
C:\Windows\System32\WS2_32.dll:WS2_32.dll (00007FFD4E0E0000), size: 524288 (result: 0), SymType: '-deferred-', PDB: '', fileVersion: 10.0.26100.8521
C:\Windows\System32\RPCRT4.dll:RPCRT4.dll (00007FFD4DB00000), size: 1146880 (result: 0), SymType: '-deferred-', PDB: '', fileVersion: 10.0.26100.8521
C:\Windows\System32\SHLWAPI.dll:SHLWAPI.dll (00007FFD4F180000), size: 421888 (result: 0), SymType: '-deferred-', PDB: '', fileVersion: 10.0.26100.8521
D:\UnityFile\2022.3.62f3c1\Editor\umbraoptimizer64.dll:umbraoptimizer64.dll (00007FFCC8170000), size: 1187840 (result: 0), SymType: '-deferred-', PDB: ''
C:\Windows\System32\ole32.dll:ole32.dll (00007FFD4EE80000), size: 1671168 (result: 0), SymType: '-deferred-', PDB: '', fileVersion: 10.0.26100.8521
C:\Windows\System32\combase.dll:combase.dll (00007FFD4DC70000), size: 3682304 (result: 0), SymType: '-deferred-', PDB: '', fileVersion: 10.0.26100.8521
C:\Windows\System32\IMM32.dll:IMM32.dll (00007FFD4DC30000), size: 204800 (result: 0), SymType: '-deferred-', PDB: '', fileVersion: 10.0.26100.8521
C:\Windows\System32\SETUPAPI.dll:SETUPAPI.dll (00007FFD4E9F0000), size: 4747264 (result: 0), SymType: '-deferred-', PDB: '', fileVersion: 10.0.26100.8521
C:\Windows\SYSTEM32\MSVCP140.dll:MSVCP140.dll (00007FFD38700000), size: 557056 (result: 0), SymType: '-deferred-', PDB: '', fileVersion: 14.50.35719.0
C:\Windows\SYSTEM32\VCRUNTIME140_1.dll:VCRUNTIME140_1.dll (00007FFD45240000), size: 45056 (result: 0), SymType: '-deferred-', PDB: '', fileVersion: 14.50.35719.0
C:\Windows\SYSTEM32\VCRUNTIME140.dll:VCRUNTIME140.dll (00007FFD38790000), size: 122880 (result: 0), SymType: '-deferred-', PDB: '', fileVersion: 14.50.35719.0
C:\Windows\System32\OLEAUT32.dll:OLEAUT32.dll (00007FFD4E000000), size: 888832 (result: 0), SymType: '-deferred-', PDB: '', fileVersion: 10.0.26100.8655
C:\Windows\System32\WINTRUST.dll:WINTRUST.dll (00007FFD4CAD0000), size: 536576 (result: 0), SymType: '-deferred-', PDB: '', fileVersion: 10.0.26100.8521
C:\Windows\SYSTEM32\OPENGL32.dll:OPENGL32.dll (00007FFD1D1C0000), size: 1097728 (result: 0), SymType: '-deferred-', PDB: '', fileVersion: 10.0.26100.8521
C:\Windows\SYSTEM32\IPHLPAPI.DLL:IPHLPAPI.DLL (00007FFD4AFC0000), size: 208896 (result: 0), SymType: '-deferred-', PDB: '', fileVersion: 10.0.26100.8655
C:\Windows\SYSTEM32\GLU32.dll:GLU32.dll (00007FFD1F5D0000), size: 184320 (result: 0), SymType: '-deferred-', PDB: '', fileVersion: 10.0.26100.1150
C:\Windows\SYSTEM32\WINHTTP.dll:WINHTTP.dll (00007FFD3FFC0000), size: 1216512 (result: 0), SymType: '-deferred-', PDB: '', fileVersion: 10.0.26100.8521
C:\Windows\SYSTEM32\WINMM.dll:WINMM.dll (00007FFD3F170000), size: 221184 (result: 0), SymType: '-deferred-', PDB: '', fileVersion: 10.0.26100.8521
C:\Windows\SYSTEM32\bcrypt.dll:bcrypt.dll (00007FFD4C780000), size: 172032 (result: 0), SymType: '-deferred-', PDB: '', fileVersion: 10.0.26100.8521
C:\Windows\SYSTEM32\dwmapi.dll:dwmapi.dll (00007FFD49D80000), size: 192512 (result: 0), SymType: '-deferred-', PDB: '', fileVersion: 10.0.26100.8521
C:\Windows\SYSTEM32\HID.DLL:HID.DLL (00007FFD4ACC0000), size: 61440 (result: 0), SymType: '-deferred-', PDB: '', fileVersion: 10.0.26100.1150
D:\UnityFile\2022.3.62f3c1\Editor\SketchUpAPI.dll:SketchUpAPI.dll (00007FFC4F840000), size: 8990720 (result: 0), SymType: '-deferred-', PDB: '', fileVersion: 23.0.0.0
D:\UnityFile\2022.3.62f3c1\Editor\NativeProxyHelper.dll:NativeProxyHelper.dll (00007FFC96380000), size: 1789952 (result: 0), SymType: '-deferred-', PDB: ''
C:\Windows\SYSTEM32\VERSION.dll:VERSION.dll (00007FFD45B30000), size: 45056 (result: 0), SymType: '-deferred-', PDB: '', fileVersion: 10.0.26100.1150
C:\Windows\SYSTEM32\WSOCK32.dll:WSOCK32.dll (00007FFD1E4F0000), size: 40960 (result: 0), SymType: '-deferred-', PDB: '', fileVersion: 10.0.26100.1
D:\UnityFile\2022.3.62f3c1\Editor\SketchUpCommonPreferences.dll:SketchUpCommonPreferences.dll (00007FFCBB2D0000), size: 499712 (result: 0), SymType: '-deferred-', PDB: '', fileVersion: 23.0.0.0
C:\Windows\SYSTEM32\Secur32.dll:Secur32.dll (00007FFD499D0000), size: 53248 (result: 0), SymType: '-deferred-', PDB: '', fileVersion: 10.0.26100.7705
C:\Windows\SYSTEM32\dxcore.dll:dxcore.dll (00007FFD49BD0000), size: 278528 (result: 0), SymType: '-deferred-', PDB: '', fileVersion: 10.0.26100.8521
C:\Windows\SYSTEM32\SSPICLI.DLL:SSPICLI.DLL (00007FFD4B880000), size: 299008 (result: 0), SymType: '-deferred-', PDB: '', fileVersion: 10.0.26100.8521
D:\UnityFile\2022.3.62f3c1\Editor\OpenRL.dll:OpenRL.dll (0000022CBCAB0000), size: 12779520 (result: 0), SymType: '-deferred-', PDB: '', fileVersion: 1.5.0.2907
C:\Windows\SYSTEM32\MSVCP100.dll:MSVCP100.dll (000000005C950000), size: 622592 (result: 0), SymType: '-deferred-', PDB: '', fileVersion: 10.0.40219.325
C:\Windows\SYSTEM32\MSWSOCK.DLL:MSWSOCK.DLL (00007FFD4BB30000), size: 442368 (result: 0), SymType: '-deferred-', PDB: '', fileVersion: 10.0.26100.8521
D:\UnityFile\2022.3.62f3c1\Editor\embree.dll:embree.dll (00007FFC47C90000), size: 16711680 (result: 0), SymType: '-deferred-', PDB: '', fileVersion: 2.14.0.0
C:\Windows\SYSTEM32\MSVCR100.dll:MSVCR100.dll (000000005C870000), size: 860160 (result: 0), SymType: '-deferred-', PDB: '', fileVersion: 10.0.40219.325
D:\UnityFile\2022.3.62f3c1\Editor\tbb.dll:tbb.dll (00007FFC950D0000), size: 413696 (result: 0), SymType: '-deferred-', PDB: '', fileVersion: 2017.0.2016.1004
C:\Windows\SYSTEM32\MSVCP120.dll:MSVCP120.dll (00007FFC783A0000), size: 679936 (result: 0), SymType: '-deferred-', PDB: '', fileVersion: 12.0.40664.0
C:\Windows\SYSTEM32\MSVCR120.dll:MSVCR120.dll (00007FFC94FE0000), size: 978944 (result: 0), SymType: '-deferred-', PDB: '', fileVersion: 12.0.40664.0
D:\UnityFile\2022.3.62f3c1\Editor\OpenRL_pthread.dll:OpenRL_pthread.dll (0000022CBD700000), size: 61440 (result: 0), SymType: '-deferred-', PDB: '', fileVersion: 2.9.0.0
C:\Windows\SYSTEM32\MSASN1.dll:MSASN1.dll (00007FFD4BF90000), size: 77824 (result: 0), SymType: '-deferred-', PDB: '', fileVersion: 10.0.26100.8246
C:\Windows\SYSTEM32\CRYPTBASE.DLL:CRYPTBASE.DLL (00007FFD4BD90000), size: 49152 (result: 0), SymType: '-deferred-', PDB: '', fileVersion: 10.0.26100.8246
C:\Windows\System32\bcryptPrimitives.dll:bcryptPrimitives.dll (00007FFD4D2C0000), size: 688128 (result: 0), SymType: '-deferred-', PDB: '', fileVersion: 10.0.26100.8328
C:\Windows\SYSTEM32\cfgmgr32.DLL:cfgmgr32.DLL (00007FFD4C520000), size: 331776 (result: 0), SymType: '-deferred-', PDB: '', fileVersion: 10.0.26100.8115
C:\Windows\SYSTEM32\kernel.appcore.dll:kernel.appcore.dll (00007FFD4B5E0000), size: 110592 (result: 0), SymType: '-deferred-', PDB: '', fileVersion: 10.0.26100.8521
C:\Windows\system32\uxtheme.dll:uxtheme.dll (00007FFD49AF0000), size: 696320 (result: 0), SymType: '-deferred-', PDB: '', fileVersion: 10.0.26100.8521
C:\Windows\SYSTEM32\windows.storage.dll:windows.storage.dll (00007FFD4A430000), size: 8912896 (result: 0), SymType: '-deferred-', PDB: '', fileVersion: 10.0.26100.8655
C:\Windows\System32\SHCORE.dll:SHCORE.dll (00007FFD4F4C0000), size: 1007616 (result: 0), SymType: '-deferred-', PDB: '', fileVersion: 10.0.26100.8655
C:\Windows\SYSTEM32\profapi.dll:profapi.dll (00007FFD4C7B0000), size: 167936 (result: 0), SymType: '-deferred-', PDB: '', fileVersion: 10.0.26100.8521
C:\Windows\SYSTEM32\CRYPTSP.dll:CRYPTSP.dll (00007FFD4BF30000), size: 110592 (result: 0), SymType: '-deferred-', PDB: '', fileVersion: 10.0.26100.8521
C:\Windows\system32\rsaenh.dll:rsaenh.dll (00007FFD4B540000), size: 233472 (result: 0), SymType: '-deferred-', PDB: '', fileVersion: 10.0.26100.7705
C:\Windows\System32\imagehlp.dll:imagehlp.dll (00007FFD4F2C0000), size: 131072 (result: 0), SymType: '-deferred-', PDB: '', fileVersion: 10.0.26100.4202
C:\Windows\SYSTEM32\gpapi.dll:gpapi.dll (00007FFD4BBA0000), size: 192512 (result: 0), SymType: '-deferred-', PDB: '', fileVersion: 10.0.26100.8521
C:\Windows\System32\cryptnet.dll:cryptnet.dll (00007FFD45A70000), size: 241664 (result: 0), SymType: '-deferred-', PDB: '', fileVersion: 10.0.26100.8521
C:\Windows\SYSTEM32\WINNSI.DLL:WINNSI.DLL (00007FFD47970000), size: 57344 (result: 0), SymType: '-deferred-', PDB: '', fileVersion: 10.0.26100.8246
C:\Windows\System32\NSI.dll:NSI.dll (00007FFD4F1F0000), size: 40960 (result: 0), SymType: '-deferred-', PDB: '', fileVersion: 10.0.26100.8246
C:\Windows\system32\IconCodecService.dll:IconCodecService.dll (00007FFD1A5E0000), size: 45056 (result: 0), SymType: '-deferred-', PDB: '', fileVersion: 10.0.26100.1
C:\Windows\SYSTEM32\WindowsCodecs.dll:WindowsCodecs.dll (00007FFD48230000), size: 2277376 (result: 0), SymType: '-deferred-', PDB: '', fileVersion: 10.0.26100.8655
C:\Windows\System32\clbcatq.dll:clbcatq.dll (00007FFD4D4D0000), size: 712704 (result: 0), SymType: '-deferred-', PDB: '', fileVersion: 2001.12.10941.16384
C:\Windows\System32\netprofm.dll:netprofm.dll (00007FFD45AB0000), size: 450560 (result: 0), SymType: '-deferred-', PDB: '', fileVersion: 10.0.26100.8521
C:\Windows\System32\npmproxy.dll:npmproxy.dll (00007FFD3F1B0000), size: 102400 (result: 0), SymType: '-deferred-', PDB: '', fileVersion: 10.0.26100.8328
C:\Windows\SYSTEM32\dbghelp.dll:dbghelp.dll (00007FFD38390000), size: 2367488 (result: 0), SymType: '-deferred-', PDB: '', fileVersion: 10.0.26100.8328

========== OUTPUTTING STACK TRACE ==================

0x00007FFD4CD51B6A (KERNELBASE) RaiseException
0x00007FF7F5C73D10 (Unity) EditorMonoConsole::LogToConsoleImplementation
0x00007FF7F5C746FC (Unity) EditorMonoConsole::LogToConsoleImplementation
0x00007FF7F6908ADF (Unity) DebugStringToFilePostprocessedStacktrace
0x00007FF7F690823A (Unity) DebugStringToFile
0x00007FF7F5DE03A7 (Unity) HandleProjectAlreadyOpenInAnotherInstance
0x00007FF7F5DE2948 (Unity) Application::InitializeProject
0x00007FF7F625FEE5 (Unity) WinMain
0x00007FF7F76234BE (Unity) __scrt_common_main_seh
0x00007FFD4D42E957 (KERNEL32) BaseThreadInitThunk
0x00007FFD4F687C1C (ntdll) RtlUserThreadStart

========== END OF STACKTRACE ===========

A crash has been intercepted by the crash handler. For call stack and other details, see the latest crash report generated in:
 * C:/Users/Administrator/AppData/Local/Temp/Unity/Editor/Crashes
